Archive member included to satisfy reference by file (symbol)

c:/st/stm32cubeide_1.11.2/stm32cubeide/plugins/com.st.stm32cube.ide.mcu.externaltools.gnu-tools-for-stm32.10.3-2021.10.win32_1.0.100.202210260954/tools/bin/../lib/gcc/arm-none-eabi/10.3.1/../../../../arm-none-eabi/lib/thumb/v7-m/nofp\libc_nano.a(lib_a-assert.o)
                              ./Modules/modbus/functions/mbutils.o (__assert_func)
c:/st/stm32cubeide_1.11.2/stm32cubeide/plugins/com.st.stm32cube.ide.mcu.externaltools.gnu-tools-for-stm32.10.3-2021.10.win32_1.0.100.202210260954/tools/bin/../lib/gcc/arm-none-eabi/10.3.1/../../../../arm-none-eabi/lib/thumb/v7-m/nofp\libc_nano.a(lib_a-errno.o)
                              ./Core/Src/syscalls.o (__errno)
c:/st/stm32cubeide_1.11.2/stm32cubeide/plugins/com.st.stm32cube.ide.mcu.externaltools.gnu-tools-for-stm32.10.3-2021.10.win32_1.0.100.202210260954/tools/bin/../lib/gcc/arm-none-eabi/10.3.1/../../../../arm-none-eabi/lib/thumb/v7-m/nofp\libc_nano.a(lib_a-exit.o)
                              c:/st/stm32cubeide_1.11.2/stm32cubeide/plugins/com.st.stm32cube.ide.mcu.externaltools.gnu-tools-for-stm32.10.3-2021.10.win32_1.0.100.202210260954/tools/bin/../lib/gcc/arm-none-eabi/10.3.1/../../../../arm-none-eabi/lib/thumb/v7-m/nofp/crt0.o (exit)
c:/st/stm32cubeide_1.11.2/stm32cubeide/plugins/com.st.stm32cube.ide.mcu.externaltools.gnu-tools-for-stm32.10.3-2021.10.win32_1.0.100.202210260954/tools/bin/../lib/gcc/arm-none-eabi/10.3.1/../../../../arm-none-eabi/lib/thumb/v7-m/nofp\libc_nano.a(lib_a-fprintf.o)
                              c:/st/stm32cubeide_1.11.2/stm32cubeide/plugins/com.st.stm32cube.ide.mcu.externaltools.gnu-tools-for-stm32.10.3-2021.10.win32_1.0.100.202210260954/tools/bin/../lib/gcc/arm-none-eabi/10.3.1/../../../../arm-none-eabi/lib/thumb/v7-m/nofp\libc_nano.a(lib_a-assert.o) (fiprintf)
c:/st/stm32cubeide_1.11.2/stm32cubeide/plugins/com.st.stm32cube.ide.mcu.externaltools.gnu-tools-for-stm32.10.3-2021.10.win32_1.0.100.202210260954/tools/bin/../lib/gcc/arm-none-eabi/10.3.1/../../../../arm-none-eabi/lib/thumb/v7-m/nofp\libc_nano.a(lib_a-impure.o)
                              c:/st/stm32cubeide_1.11.2/stm32cubeide/plugins/com.st.stm32cube.ide.mcu.externaltools.gnu-tools-for-stm32.10.3-2021.10.win32_1.0.100.202210260954/tools/bin/../lib/gcc/arm-none-eabi/10.3.1/../../../../arm-none-eabi/lib/thumb/v7-m/nofp\libc_nano.a(lib_a-exit.o) (_global_impure_ptr)
c:/st/stm32cubeide_1.11.2/stm32cubeide/plugins/com.st.stm32cube.ide.mcu.externaltools.gnu-tools-for-stm32.10.3-2021.10.win32_1.0.100.202210260954/tools/bin/../lib/gcc/arm-none-eabi/10.3.1/../../../../arm-none-eabi/lib/thumb/v7-m/nofp\libc_nano.a(lib_a-init.o)
                              c:/st/stm32cubeide_1.11.2/stm32cubeide/plugins/com.st.stm32cube.ide.mcu.externaltools.gnu-tools-for-stm32.10.3-2021.10.win32_1.0.100.202210260954/tools/bin/../lib/gcc/arm-none-eabi/10.3.1/../../../../arm-none-eabi/lib/thumb/v7-m/nofp/crt0.o (__libc_init_array)
c:/st/stm32cubeide_1.11.2/stm32cubeide/plugins/com.st.stm32cube.ide.mcu.externaltools.gnu-tools-for-stm32.10.3-2021.10.win32_1.0.100.202210260954/tools/bin/../lib/gcc/arm-none-eabi/10.3.1/../../../../arm-none-eabi/lib/thumb/v7-m/nofp\libc_nano.a(lib_a-memcpy-stub.o)
                              ./Modules/modbus/functions/mbfuncother.o (memcpy)
c:/st/stm32cubeide_1.11.2/stm32cubeide/plugins/com.st.stm32cube.ide.mcu.externaltools.gnu-tools-for-stm32.10.3-2021.10.win32_1.0.100.202210260954/tools/bin/../lib/gcc/arm-none-eabi/10.3.1/../../../../arm-none-eabi/lib/thumb/v7-m/nofp\libc_nano.a(lib_a-memset.o)
                              c:/st/stm32cubeide_1.11.2/stm32cubeide/plugins/com.st.stm32cube.ide.mcu.externaltools.gnu-tools-for-stm32.10.3-2021.10.win32_1.0.100.202210260954/tools/bin/../lib/gcc/arm-none-eabi/10.3.1/../../../../arm-none-eabi/lib/thumb/v7-m/nofp/crt0.o (memset)
c:/st/stm32cubeide_1.11.2/stm32cubeide/plugins/com.st.stm32cube.ide.mcu.externaltools.gnu-tools-for-stm32.10.3-2021.10.win32_1.0.100.202210260954/tools/bin/../lib/gcc/arm-none-eabi/10.3.1/../../../../arm-none-eabi/lib/thumb/v7-m/nofp\libc_nano.a(lib_a-nano-vfprintf.o)
                              c:/st/stm32cubeide_1.11.2/stm32cubeide/plugins/com.st.stm32cube.ide.mcu.externaltools.gnu-tools-for-stm32.10.3-2021.10.win32_1.0.100.202210260954/tools/bin/../lib/gcc/arm-none-eabi/10.3.1/../../../../arm-none-eabi/lib/thumb/v7-m/nofp\libc_nano.a(lib_a-fprintf.o) (_vfprintf_r)
c:/st/stm32cubeide_1.11.2/stm32cubeide/plugins/com.st.stm32cube.ide.mcu.externaltools.gnu-tools-for-stm32.10.3-2021.10.win32_1.0.100.202210260954/tools/bin/../lib/gcc/arm-none-eabi/10.3.1/../../../../arm-none-eabi/lib/thumb/v7-m/nofp\libc_nano.a(lib_a-nano-vfprintf_i.o)
[...]
Memory Configuration

Name             Origin             Length             Attributes
RAM              0x0000000020000000 0x0000000000005000 xrw
FLASH            0x0000000008000000 0x0000000000010000 xr
*default*        0x0000000000000000 0xffffffffffffffff

Linker script and memory map

LOAD c:/st/stm32cubeide_1.11.2/stm32cubeide/plugins/com.st.stm32cube.ide.mcu.externaltools.gnu-tools-for-stm32.10.3-2021.10.win32_1.0.100.202210260954/tools/bin/../lib/gcc/arm-none-eabi/10.3.1/thumb/v7-m/nofp/crti.o
LOAD c:/st/stm32cubeide_1.11.2/stm32cubeide/plugins/com.st.stm32cube.ide.mcu.externaltools.gnu-tools-for-stm32.10.3-2021.10.win32_1.0.100.202210260954/tools/bin/../lib/gcc/arm-none-eabi/10.3.1/thumb/v7-m/nofp/crtbegin.o
LOAD c:/st/stm32cubeide_1.11.2/stm32cubeide/plugins/com.st.stm32cube.ide.mcu.externaltools.gnu-tools-for-stm32.10.3-2021.10.win32_1.0.100.202210260954/tools/bin/../lib/gcc/arm-none-eabi/10.3.1/../../../../arm-none-eabi/lib/thumb/v7-m/nofp/crt0.o
LOAD ./Core/Src/bmp280.o
LOAD ./Core/Src/ccs811.o
LOAD ./Core/Src/filter.o
LOAD ./Core/Src/gpio.o
LOAD ./Core/Src/hdc1080.o
LOAD ./Core/Src/i2c.o
LOAD ./Core/Src/i2c_user.o
LOAD ./Core/Src/iwdg.o
LOAD ./Core/Src/loop.o
LOAD ./Core/Src/lsd1602.o
LOAD ./Core/Src/main.o
LOAD ./Core/Src/setup.o
LOAD ./Core/Src/stm32f1xx_hal_msp.o
LOAD ./Core/Src/stm32f1xx_it.o
LOAD ./Core/Src/syscalls.o
LOAD ./Core/Src/sysmem.o
LOAD ./Core/Src/system_stm32f1xx.o
LOAD ./Core/Src/tim.o
LOAD ./Core/Src/uart_usb.o
LOAD ./Core/Src/usart.o
LOAD ./Core/Startup/startup_stm32f103c8tx.o
LOAD ./Drivers/STM32F1xx_HAL_Driver/Src/stm32f1xx_hal.o
LOAD ./Drivers/STM32F1xx_HAL_Driver/Src/stm32f1xx_hal_cortex.o
LOAD ./Drivers/STM32F1xx_HAL_Driver/Src/stm32f1xx_hal_dma.o
LOAD ./Drivers/STM32F1xx_HAL_Driver/Src/stm32f1xx_hal_exti.o
LOAD ./Drivers/STM32F1xx_HAL_Driver/Src/stm32f1xx_hal_flash.o
LOAD ./Drivers/STM32F1xx_HAL_Driver/Src/stm32f1xx_hal_flash_ex.o
LOAD ./Drivers/STM32F1xx_HAL_Driver/Src/stm32f1xx_hal_gpio.o
LOAD ./Drivers/STM32F1xx_HAL_Driver/Src/stm32f1xx_hal_gpio_ex.o
LOAD ./Drivers/STM32F1xx_HAL_Driver/Src/stm32f1xx_hal_iwdg.o
LOAD ./Drivers/STM32F1xx_HAL_Driver/Src/stm32f1xx_hal_pwr.o
LOAD ./Drivers/STM32F1xx_HAL_Driver/Src/stm32f1xx_hal_rcc.o
LOAD ./Drivers/STM32F1xx_HAL_Driver/Src/stm32f1xx_hal_rcc_ex.o
LOAD ./Drivers/STM32F1xx_HAL_Driver/Src/stm32f1xx_hal_tim.o
LOAD ./Drivers/STM32F1xx_HAL_Driver/Src/stm32f1xx_hal_tim_ex.o
LOAD ./Drivers/STM32F1xx_HAL_Driver/Src/stm32f1xx_hal_uart.o
LOAD ./Drivers/STM32F1xx_HAL_Driver/Src/stm32f1xx_ll_dma.o
LOAD ./Drivers/STM32F1xx_HAL_Driver/Src/stm32f1xx_ll_exti.o
LOAD ./Drivers/STM32F1xx_HAL_Driver/Src/stm32f1xx_ll_gpio.o
LOAD ./Drivers/STM32F1xx_HAL_Driver/Src/stm32f1xx_ll_i2c.o
LOAD ./Drivers/STM32F1xx_HAL_Driver/Src/stm32f1xx_ll_rcc.o
LOAD ./Drivers/STM32F1xx_HAL_Driver/Src/stm32f1xx_ll_tim.o
LOAD ./Drivers/STM32F1xx_HAL_Driver/Src/stm32f1xx_ll_usart.o
LOAD ./Drivers/STM32F1xx_HAL_Driver/Src/stm32f1xx_ll_utils.o
LOAD ./Modules/modbus/ascii/mbascii.o
LOAD ./Modules/modbus/functions/mbfunccoils.o
LOAD ./Modules/modbus/functions/mbfuncdiag.o
LOAD ./Modules/modbus/functions/mbfuncdisc.o
LOAD ./Modules/modbus/functions/mbfuncholding.o
LOAD ./Modules/modbus/functions/mbfuncinput.o
LOAD ./Modules/modbus/functions/mbfuncother.o
LOAD ./Modules/modbus/functions/mbutils.o
LOAD ./Modules/modbus/mb.o
LOAD ./Modules/modbus/port/mt_port.o
LOAD ./Modules/modbus/port/portevent.o
LOAD ./Modules/modbus/port/portserial.o
LOAD ./Modules/modbus/port/porttimer.o
LOAD ./Modules/modbus/rtu/mbcrc.o
LOAD ./Modules/modbus/rtu/mbrtu.o
LOAD ./Modules/modbus/tcp/mbtcp.o
START GROUP
LOAD c:/st/stm32cubeide_1.11.2/stm32cubeide/plugins/com.st.stm32cube.ide.mcu.externaltools.gnu-tools-for-stm32.10.3-2021.10.win32_1.0.100.202210260954/tools/bin/../lib/gcc/arm-none-eabi/10.3.1/../../../../arm-none-eabi/lib/thumb/v7-m/nofp\libc_nano.a
LOAD c:/st/stm32cubeide_1.11.2/stm32cubeide/plugins/com.st.stm32cube.ide.mcu.externaltools.gnu-tools-for-stm32.10.3-2021.10.win32_1.0.100.202210260954/tools/bin/../lib/gcc/arm-none-eabi/10.3.1/../../../../arm-none-eabi/lib/thumb/v7-m/nofp\libm.a
END GROUP
START GROUP
LOAD c:/st/stm32cubeide_1.11.2/stm32cubeide/plugins/com.st.stm32cube.ide.mcu.externaltools.gnu-tools-for-stm32.10.3-2021.10.win32_1.0.100.202210260954/tools/bin/../lib/gcc/arm-none-eabi/10.3.1/thumb/v7-m/nofp\libgcc.a
LOAD c:/st/stm32cubeide_1.11.2/stm32cubeide/plugins/com.st.stm32cube.ide.mcu.externaltools.gnu-tools-for-stm32.10.3-2021.10.win32_1.0.100.202210260954/tools/bin/../lib/gcc/arm-none-eabi/10.3.1/../../../../arm-none-eabi/lib/thumb/v7-m/nofp\libc_nano.a
END GROUP
START GROUP
LOAD c:/st/stm32cubeide_1.11.2/stm32cubeide/plugins/com.st.stm32cube.ide.mcu.externaltools.gnu-tools-for-stm32.10.3-2021.10.win32_1.0.100.202210260954/tools/bin/../lib/gcc/arm-none-eabi/10.3.1/thumb/v7-m/nofp\libgcc.a
LOAD c:/st/stm32cubeide_1.11.2/stm32cubeide/plugins/com.st.stm32cube.ide.mcu.externaltools.gnu-tools-for-stm32.10.3-2021.10.win32_1.0.100.202210260954/tools/bin/../lib/gcc/arm-none-eabi/10.3.1/../../../../arm-none-eabi/lib/thumb/v7-m/nofp\libc_nano.a
LOAD c:/st/stm32cubeide_1.11.2/stm32cubeide/plugins/com.st.stm32cube.ide.mcu.externaltools.gnu-tools-for-stm32.10.3-2021.10.win32_1.0.100.202210260954/tools/bin/../lib/gcc/arm-none-eabi/10.3.1/../../../../arm-none-eabi/lib/thumb/v7-m/nofp\libnosys.a
END GROUP
START GROUP
LOAD c:/st/stm32cubeide_1.11.2/stm32cubeide/plugins/com.st.stm32cube.ide.mcu.externaltools.gnu-tools-for-stm32.10.3-2021.10.win32_1.0.100.202210260954/tools/bin/../lib/gcc/arm-none-eabi/10.3.1/thumb/v7-m/nofp\libgcc.a
LOAD c:/st/stm32cubeide_1.11.2/stm32cubeide/plugins/com.st.stm32cube.ide.mcu.externaltools.gnu-tools-for-stm32.10.3-2021.10.win32_1.0.100.202210260954/tools/bin/../lib/gcc/arm-none-eabi/10.3.1/../../../../arm-none-eabi/lib/thumb/v7-m/nofp\libc_nano.a
LOAD c:/st/stm32cubeide_1.11.2/stm32cubeide/plugins/com.st.stm32cube.ide.mcu.externaltools.gnu-tools-for-stm32.10.3-2021.10.win32_1.0.100.202210260954/tools/bin/../lib/gcc/arm-none-eabi/10.3.1/../../../../arm-none-eabi/lib/thumb/v7-m/nofp\libnosys.a
END GROUP
LOAD c:/st/stm32cubeide_1.11.2/stm32cubeide/plugins/com.st.stm32cube.ide.mcu.externaltools.gnu-tools-for-stm32.10.3-2021.10.win32_1.0.100.202210260954/tools/bin/../lib/gcc/arm-none-eabi/10.3.1/thumb/v7-m/nofp/crtend.o
LOAD c:/st/stm32cubeide_1.11.2/stm32cubeide/plugins/com.st.stm32cube.ide.mcu.externaltools.gnu-tools-for-stm32.10.3-2021.10.win32_1.0.100.202210260954/tools/bin/../lib/gcc/arm-none-eabi/10.3.1/thumb/v7-m/nofp/crtn.o
                0x0000000020005000                _estack = (ORIGIN (RAM) + LENGTH (RAM))
                0x0000000000000200                _Min_Heap_Size = 0x200
                0x0000000000000400                _Min_Stack_Size = 0x400

.isr_vector     0x0000000008000000      0x10c
                0x0000000008000000                . = ALIGN (0x4)
 *(.isr_vector)
 .isr_vector    0x0000000008000000      0x10c ./Core/Startup/startup_stm32f103c8tx.o
                0x0000000008000000                g_pfnVectors
                0x000000000800010c                . = ALIGN (0x4)

.text           0x0000000008000110     0x9908
                0x0000000008000110                . = ALIGN (0x4)
 *(.text)
 .text          0x0000000008000110       0x40 c:/st/stm32cubeide_1.11.2/stm32cubeide/plugins/com.st.stm32cube.ide.mcu.externaltools.gnu-tools-for-stm32.10.3-2021.10.win32_1.0.100.202210260954/tools/bin/../lib/gcc/arm-none-eabi/10.3.1/thumb/v7-m/nofp/crtbegin.o
 .text          0x0000000008000150      0x378 c:/st/stm32cubeide_1.11.2/stm32cubeide/plugins/com.st.stm32cube.ide.mcu.externaltools.gnu-tools-for-stm32.10.3-2021.10.win32_1.0.100.202210260954/tools/bin/../lib/gcc/arm-none-eabi/10.3.1/thumb/v7-m/nofp\libgcc.a(_arm_addsubdf3.o)
                0x0000000008000150                __aeabi_drsub
                0x0000000008000158                __aeabi_dsub
                0x0000000008000158                __subdf3
                0x000000000800015c                __aeabi_dadd
                0x000000000800015c                __adddf3
                0x00000000080003d4                __floatunsidf
                0x00000000080003d4                __aeabi_ui2d
                0x00000000080003f4                __floatsidf
                0x00000000080003f4                __aeabi_i2d
                0x0000000008000418                __aeabi_f2d
                0x0000000008000418                __extendsfdf2
                0x000000000800045c                __floatundidf
                0x000000000800045c                __aeabi_ul2d
                0x000000000800046c                __floatdidf
                0x000000000800046c                __aeabi_l2d
 .text          0x00000000080004c8      0x424 c:/st/stm32cubeide_1.11.2/stm32cubeide/plugins/com.st.stm32cube.ide.mcu.externaltools.gnu-tools-for-stm32.10.3-2021.10.win32_1.0.100.202210260954/tools/bin/../lib/gcc/arm-none-eabi/10.3.1/thumb/v7-m/nofp\libgcc.a(_arm_muldivdf3.o)
                0x00000000080004c8                __aeabi_dmul
                0x00000000080004c8                __muldf3
                0x000000000800071c                __divdf3
                0x000000000800071c                __aeabi_ddiv
 .text          0x00000000080008ec       0x50 c:/st/stm32cubeide_1.11.2/stm32cubeide/plugins/com.st.stm32cube.ide.mcu.externaltools.gnu-tools-for-stm32.10.3-2021.10.win32_1.0.100.202210260954/tools/bin/../lib/gcc/arm-none-eabi/10.3.1/thumb/v7-m/nofp\libgcc.a(_arm_fixdfsi.o)
                0x00000000080008ec                __aeabi_d2iz
                0x00000000080008ec                __fixdfsi
 .text          0x000000000800093c       0x40 c:/st/stm32cubeide_1.11.2/stm32cubeide/plugins/com.st.stm32cube.ide.mcu.externaltools.gnu-tools-for-stm32.10.3-2021.10.win32_1.0.100.202210260954/tools/bin/../lib/gcc/arm-none-eabi/10.3.1/thumb/v7-m/nofp\libgcc.a(_arm_fixunsdfsi.o)
                0x000000000800093c                __aeabi_d2uiz
                0x000000000800093c                __fixunsdfsi
 .text          0x000000000800097c      0x21c c:/st/stm32cubeide_1.11.2/stm32cubeide/plugins/com.st.stm32cube.ide.mcu.externaltools.gnu-tools-for-stm32.10.3-2021.10.win32_1.0.100.202210260954/tools/bin/../lib/gcc/arm-none-eabi/10.3.1/thumb/v7-m/nofp\libgcc.a(_arm_addsubsf3.o)
                0x000000000800097c                __aeabi_frsub
                0x0000000008000984                __subsf3
                0x0000000008000984                __aeabi_fsub
                0x0000000008000988                __aeabi_fadd
                0x0000000008000988                __addsf3
                0x0000000008000ae8                __aeabi_ui2f
                0x0000000008000ae8                __floatunsisf
                0x0000000008000af0                __aeabi_i2f
                0x0000000008000af0                __floatsisf
                0x0000000008000b0c                __aeabi_ul2f
                0x0000000008000b0c                __floatundisf
                0x0000000008000b1c                __aeabi_l2f
                0x0000000008000b1c                __floatdisf
 .text          0x0000000008000b98      0x2a0 c:/st/stm32cubeide_1.11.2/stm32cubeide/plugins/com.st.stm32cube.ide.mcu.externaltools.gnu-tools-for-stm32.10.3-2021.10.win32_1.0.100.202210260954/tools/bin/../lib/gcc/arm-none-eabi/10.3.1/thumb/v7-m/nofp\libgcc.a(_arm_muldivsf3.o)
                0x0000000008000b98                __mulsf3
                0x0000000008000b98                __aeabi_fmul
                0x0000000008000d00                __aeabi_fdiv
                0x0000000008000d00                __divsf3
 .text          0x0000000008000e38       0x4c c:/st/stm32cubeide_1.11.2/stm32cubeide/plugins/com.st.stm32cube.ide.mcu.externaltools.gnu-tools-for-stm32.10.3-2021.10.win32_1.0.100.202210260954/tools/bin/../lib/gcc/arm-none-eabi/10.3.1/thumb/v7-m/nofp\libgcc.a(_arm_fixsfsi.o)
                0x0000000008000e38                __aeabi_f2iz
                0x0000000008000e38                __fixsfsi
 .text          0x0000000008000e84       0x40 c:/st/stm32cubeide_1.11.2/stm32cubeide/plugins/com.st.stm32cube.ide.mcu.externaltools.gnu-tools-for-stm32.10.3-2021.10.win32_1.0.100.202210260954/tools/bin/../lib/gcc/arm-none-eabi/10.3.1/thumb/v7-m/nofp\libgcc.a(_arm_fixunssfsi.o)
                0x0000000008000e84                __fixunssfsi
                0x0000000008000e84                __aeabi_f2uiz
 .text          0x0000000008000ec4       0xa0 c:/st/stm32cubeide_1.11.2/stm32cubeide/plugins/com.st.stm32cube.ide.mcu.externaltools.gnu-tools-for-stm32.10.3-2021.10.win32_1.0.100.202210260954/tools/bin/../lib/gcc/arm-none-eabi/10.3.1/thumb/v7-m/nofp\libgcc.a(_aeabi_ldivmod.o)
                0x0000000008000ec4                __aeabi_ldivmod
 .text          0x0000000008000f64      0x2d4 c:/st/stm32cubeide_1.11.2/stm32cubeide/plugins/com.st.stm32cube.ide.mcu.externaltools.gnu-tools-for-stm32.10.3-2021.10.win32_1.0.100.202210260954/tools/bin/../lib/gcc/arm-none-eabi/10.3.1/thumb/v7-m/nofp\libgcc.a(_udivmoddi4.o)
                0x0000000008000f64                __udivmoddi4
 .text          0x0000000008001238        0x4 c:/st/stm32cubeide_1.11.2/stm32cubeide/plugins/com.st.stm32cube.ide.mcu.externaltools.gnu-tools-for-stm32.10.3-2021.10.win32_1.0.100.202210260954/tools/bin/../lib/gcc/arm-none-eabi/10.3.1/thumb/v7-m/nofp\libgcc.a(_dvmd_tls.o)
                0x0000000008001238                __aeabi_idiv0
                0x0000000008001238                __aeabi_ldiv0
 *(.text*)
 .text.BMP280_WriteReg
                0x000000000800123c       0x24 ./Core/Src/bmp280.o
                0x000000000800123c                BMP280_WriteReg
 .text.BMP280_ReadReg
                0x0000000008001260       0x22 ./Core/Src/bmp280.o
                0x0000000008001260                BMP280_ReadReg
 .text.BMP280_ReadReg_U16
                0x0000000008001282       0x20 ./Core/Src/bmp280.o
                0x0000000008001282                BMP280_ReadReg_U16
 .text.BMP280_ReadReg_S16
                0x00000000080012a2       0x20 ./Core/Src/bmp280.o
                0x00000000080012a2                BMP280_ReadReg_S16
 .text.BMP280_ReadReg_BE_U24
                0x00000000080012c2       0x46 ./Core/Src/bmp280.o
                0x00000000080012c2                BMP280_ReadReg_BE_U24
 .text.BMP280_ReadStatus
                0x0000000008001308       0x1e ./Core/Src/bmp280.o
                0x0000000008001308                BMP280_ReadStatus
 *fill*         0x0000000008001326        0x2 
 .text.BMP280_ReadCoefficients
                0x0000000008001328      0x1d0 ./Core/Src/bmp280.o
                0x0000000008001328                BMP280_ReadCoefficients
 .text.BMP280_SetStandby
                0x00000000080014f8       0x3e ./Core/Src/bmp280.o
                0x00000000080014f8                BMP280_SetStandby
 .text.BMP280_SetFilter
                0x0000000008001536       0x3e ./Core/Src/bmp280.o
                0x0000000008001536                BMP280_SetFilter
 .text.BMP280_SetOversamplingTemper
                0x0000000008001574       0x3e ./Core/Src/bmp280.o
                0x0000000008001574                BMP280_SetOversamplingTemper
 .text.BMP280_SetOversamplingPressure
                0x00000000080015b2       0x3e ./Core/Src/bmp280.o
                0x00000000080015b2                BMP280_SetOversamplingPressure
 .text.BMP280_SetMode
                0x00000000080015f0       0x3e ./Core/Src/bmp280.o
                0x00000000080015f0                BMP280_SetMode
 *fill*         0x000000000800162e        0x2 
 .text.BMP280_ReadTemperature
                0x0000000008001630       0xa0 ./Core/Src/bmp280.o
                0x0000000008001630                BMP280_ReadTemperature
 .text.BMP280_ReadPressure
                0x00000000080016d0      0x5b8 ./Core/Src/bmp280.o
                0x00000000080016d0                BMP280_ReadPressure
 .text.BMP280_Init
                0x0000000008001c88       0xd0 ./Core/Src/bmp280.o
                0x0000000008001c88                BMP280_Init
 .text.ccs811_init
                0x0000000008001d58       0xc0 ./Core/Src/ccs811.o
                0x0000000008001d58                ccs811_init
 .text.ccs811_start_measurement
                0x0000000008001e18       0xb4 ./Core/Src/ccs811.o
                0x0000000008001e18                ccs811_start_measurement
 .text.GetBaseline
                0x0000000008001ecc       0x32 ./Core/Src/ccs811.o
                0x0000000008001ecc                GetBaseline
 .text.SetBaseline
                0x0000000008001efe       0x38 ./Core/Src/ccs811.o
                0x0000000008001efe                SetBaseline
 .text.findMedianN
                0x0000000008001f36       0xea ./Core/Src/filter.o
                0x0000000008001f36                findMedianN
 .text.runMiddleArifm
                0x0000000008002020       0x84 ./Core/Src/filter.o
                0x0000000008002020                runMiddleArifm
 .text.LL_APB2_GRP1_EnableClock
                0x00000000080020a4       0x30 ./Core/Src/gpio.o
 .text.LL_GPIO_ResetOutputPin
                0x00000000080020d4       0x1e ./Core/Src/gpio.o
 *fill*         0x00000000080020f2        0x2 
 .text.MX_GPIO_Init
                0x00000000080020f4       0x88 ./Core/Src/gpio.o
                0x00000000080020f4                MX_GPIO_Init
 .text.hdc1080_Setup
                0x000000000800217c       0x14 ./Core/Src/hdc1080.o
                0x000000000800217c                hdc1080_Setup
 .text.hdc1080_init
                0x0000000008002190       0x70 ./Core/Src/hdc1080.o
                0x0000000008002190                hdc1080_init
 .text.hdc1080_start_measurement
                0x0000000008002200       0xf4 ./Core/Src/hdc1080.o
                0x0000000008002200                hdc1080_start_measurement
 .text.LL_I2C_EnableClockStretching
                0x00000000080022f4       0x1e ./Core/Src/i2c.o
 .text.LL_I2C_DisableGeneralCall
                0x0000000008002312       0x1e ./Core/Src/i2c.o
 .text.LL_I2C_SetOwnAddress2
                0x0000000008002330       0x24 ./Core/Src/i2c.o
 .text.LL_I2C_DisableOwnAddress2
                0x0000000008002354       0x1e ./Core/Src/i2c.o
 *fill*         0x0000000008002372        0x2 
 .text.LL_APB1_GRP1_EnableClock
                0x0000000008002374       0x30 ./Core/Src/i2c.o
 .text.LL_APB2_GRP1_EnableClock
                0x00000000080023a4       0x30 ./Core/Src/i2c.o
 .text.MX_I2C1_Init
                0x00000000080023d4       0xa8 ./Core/Src/i2c.o
                0x00000000080023d4                MX_I2C1_Init
 .text.LL_I2C_IsActiveFlag_TXE
                0x000000000800247c       0x24 ./Core/Src/i2c_user.o
 .text.LL_I2C_IsActiveFlag_RXNE
                0x00000000080024a0       0x24 ./Core/Src/i2c_user.o
 .text.LL_I2C_IsActiveFlag_SB
                0x00000000080024c4       0x24 ./Core/Src/i2c_user.o
 .text.LL_I2C_IsActiveFlag_ADDR
                0x00000000080024e8       0x24 ./Core/Src/i2c_user.o
 .text.LL_I2C_ClearFlag_ADDR
                0x000000000800250c       0x22 ./Core/Src/i2c_user.o
 .text.LL_I2C_AcknowledgeNextData
                0x000000000800252e       0x24 ./Core/Src/i2c_user.o
 .text.LL_I2C_GenerateStartCondition
                0x0000000008002552       0x1e ./Core/Src/i2c_user.o
 .text.LL_I2C_GenerateStopCondition
                0x0000000008002570       0x1e ./Core/Src/i2c_user.o
 .text.LL_I2C_DisableBitPOS
                0x000000000800258e       0x1e ./Core/Src/i2c_user.o
 .text.LL_I2C_ReceiveData8
                0x00000000080025ac       0x18 ./Core/Src/i2c_user.o
 .text.LL_I2C_TransmitData8
                0x00000000080025c4       0x26 ./Core/Src/i2c_user.o
 *fill*         0x00000000080025ea        0x2 
 .text.I2C_SendStart
                0x00000000080025ec       0x3c ./Core/Src/i2c_user.o
                0x00000000080025ec                I2C_SendStart
 .text.I2C_SendAdrWr
                0x0000000008002628       0x32 ./Core/Src/i2c_user.o
                0x0000000008002628                I2C_SendAdrWr
 .text.I2C_SendByte
                0x000000000800265a       0x2e ./Core/Src/i2c_user.o
                0x000000000800265a                I2C_SendByte
 .text.I2C_SendByteX
                0x0000000008002688       0x60 ./Core/Src/i2c_user.o
                0x0000000008002688                I2C_SendByteX
 .text.I2C_SendStop
                0x00000000080026e8       0x16 ./Core/Src/i2c_user.o
                0x00000000080026e8                I2C_SendStop
 .text.I2C_SendAdrRd
                0x00000000080026fe       0x38 ./Core/Src/i2c_user.o
                0x00000000080026fe                I2C_SendAdrRd
 *fill*         0x0000000008002736        0x2 
 .text.I2C_ReadByte
                0x0000000008002738       0x88 ./Core/Src/i2c_user.o
                0x0000000008002738                I2C_ReadByte
 .text.I2Cx_WriteData
                0x00000000080027c0       0x4c ./Core/Src/i2c_user.o
                0x00000000080027c0                I2Cx_WriteData
 .text.I2Cx_WriteData16
                0x000000000800280c       0x44 ./Core/Src/i2c_user.o
                0x000000000800280c                I2Cx_WriteData16
 .text.I2Cx_WriteDataX
                0x0000000008002850       0x4c ./Core/Src/i2c_user.o
                0x0000000008002850                I2Cx_WriteDataX
 .text.I2Cx_WriteReg
                0x000000000800289c       0x40 ./Core/Src/i2c_user.o
                0x000000000800289c                I2Cx_WriteReg
 .text.I2Cx_WriteRegHdc
                0x00000000080028dc       0x38 ./Core/Src/i2c_user.o
                0x00000000080028dc                I2Cx_WriteRegHdc
 .text.I2Cx_ReadData
                0x0000000008002914       0x60 ./Core/Src/i2c_user.o
                0x0000000008002914                I2Cx_ReadData
 .text.I2Cx_ReadData16
                0x0000000008002974       0x54 ./Core/Src/i2c_user.o
                0x0000000008002974                I2Cx_ReadData16
 .text.I2Cx_ReadData24
                0x00000000080029c8       0x54 ./Core/Src/i2c_user.o
                0x00000000080029c8                I2Cx_ReadData24
 .text.I2Cx_ReadData32Hdc
                0x0000000008002a1c       0x38 ./Core/Src/i2c_user.o
                0x0000000008002a1c                I2Cx_ReadData32Hdc
 .text.I2Cx_ReadDataX
                0x0000000008002a54       0x60 ./Core/Src/i2c_user.o
                0x0000000008002a54                I2Cx_ReadDataX
 .text.MX_IWDG_Init
                0x0000000008002ab4       0x34 ./Core/Src/iwdg.o
                0x0000000008002ab4                MX_IWDG_Init
 .text.__NVIC_EnableIRQ
                0x0000000008002ae8       0x38 ./Core/Src/loop.o
 .text.__NVIC_DisableIRQ
                0x0000000008002b20       0x48 ./Core/Src/loop.o
 .text.Loop     0x0000000008002b68       0x3c ./Core/Src/loop.o
                0x0000000008002b68                Loop
 .text.Callback_Tim4
                0x0000000008002ba4       0x18 ./Core/Src/loop.o
                0x0000000008002ba4                Callback_Tim4
 .text.SendData
                0x0000000008002bbc      0x1b0 ./Core/Src/loop.o
                0x0000000008002bbc                SendData
 .text.ReciveData
                0x0000000008002d6c       0x78 ./Core/Src/loop.o
                0x0000000008002d6c                ReciveData
 .text.FilterData
                0x0000000008002de4      0x128 ./Core/Src/loop.o
                0x0000000008002de4                FilterData
 .text.Rs485Data
                0x0000000008002f0c       0x8c ./Core/Src/loop.o
                0x0000000008002f0c                Rs485Data
 .text.eMBRegInputCB
                0x0000000008002f98       0x8c ./Core/Src/loop.o
                0x0000000008002f98                eMBRegInputCB
 .text.eMBRegHoldingCB
                0x0000000008003024       0x26 ./Core/Src/loop.o
                0x0000000008003024                eMBRegHoldingCB
 .text.eMBRegCoilsCB
                0x000000000800304a       0x26 ./Core/Src/loop.o
                0x000000000800304a                eMBRegCoilsCB
 .text.eMBRegDiscreteCB
                0x0000000008003070       0x1c ./Core/Src/loop.o
                0x0000000008003070                eMBRegDiscreteCB
 .text.I2C_SendByteByADDR
                0x000000000800308c       0x3c ./Core/Src/lsd1602.o
                0x000000000800308c                I2C_SendByteByADDR
 .text.DelayMicro
                0x00000000080030c8       0x3c ./Core/Src/lsd1602.o
 .text.LCD_WriteByteI2CLCD
                0x0000000008003104       0x24 ./Core/Src/lsd1602.o
                0x0000000008003104                LCD_WriteByteI2CLCD
 .text.sendhalfbyte
                0x0000000008003128       0x74 ./Core/Src/lsd1602.o
                0x0000000008003128                sendhalfbyte
 .text.sendbyte
                0x000000000800319c       0x70 ./Core/Src/lsd1602.o
                0x000000000800319c                sendbyte
 .text.LCD_String
                0x000000000800320c       0x3a ./Core/Src/lsd1602.o
                0x000000000800320c                LCD_String
 *fill*         0x0000000008003246        0x2 
 .text.LCD_SetPos
                0x0000000008003248       0x94 ./Core/Src/lsd1602.o
                0x0000000008003248                LCD_SetPos
 .text.LCD_ini  0x00000000080032dc       0xbc ./Core/Src/lsd1602.o
                0x00000000080032dc                LCD_ini
 .text.LL_RCC_HSE_Enable
                0x0000000008003398       0x1c ./Core/Src/main.o
 .text.LL_RCC_HSE_IsReady
                0x00000000080033b4       0x24 ./Core/Src/main.o
 .text.LL_RCC_LSI_Enable
                0x00000000080033d8       0x1c ./Core/Src/main.o
 .text.LL_RCC_LSI_IsReady
                0x00000000080033f4       0x24 ./Core/Src/main.o
 .text.LL_RCC_SetSysClkSource
                0x0000000008003418       0x28 ./Core/Src/main.o
 .text.LL_RCC_GetSysClkSource
                0x0000000008003440       0x18 ./Core/Src/main.o
 .text.LL_RCC_SetAHBPrescaler
                0x0000000008003458       0x28 ./Core/Src/main.o
 .text.LL_RCC_SetAPB1Prescaler
                0x0000000008003480       0x28 ./Core/Src/main.o
 .text.LL_RCC_SetAPB2Prescaler
                0x00000000080034a8       0x28 ./Core/Src/main.o
 .text.LL_RCC_PLL_Enable
                0x00000000080034d0       0x1c ./Core/Src/main.o
 .text.LL_RCC_PLL_IsReady
                0x00000000080034ec       0x24 ./Core/Src/main.o
 .text.LL_RCC_PLL_ConfigDomain_SYS
                0x0000000008003510       0x30 ./Core/Src/main.o
 .text.LL_FLASH_SetLatency
                0x0000000008003540       0x28 ./Core/Src/main.o
 .text.LL_FLASH_GetLatency
                0x0000000008003568       0x18 ./Core/Src/main.o
 .text.main     0x0000000008003580       0x32 ./Core/Src/main.o
                0x0000000008003580                main
 *fill*         0x00000000080035b2        0x2 
 .text.SystemClock_Config
                0x00000000080035b4       0x94 ./Core/Src/main.o
                0x00000000080035b4                SystemClock_Config
 .text.Error_Handler
                0x0000000008003648        0xa ./Core/Src/main.o
                0x0000000008003648                Error_Handler
 .text.LL_TIM_EnableCounter
                0x0000000008003652       0x1e ./Core/Src/setup.o
 .text.LL_TIM_CC_EnableChannel
                0x0000000008003670       0x20 ./Core/Src/setup.o
 .text.LL_TIM_EnableIT_UPDATE
                0x0000000008003690       0x1e ./Core/Src/setup.o
 .text.LL_GPIO_SetOutputPin
                0x00000000080036ae       0x1e ./Core/Src/setup.o
 .text.LL_GPIO_ResetOutputPin
                0x00000000080036cc       0x1e ./Core/Src/setup.o
 .text.LL_GPIO_TogglePin
                0x00000000080036ea       0x38 ./Core/Src/setup.o
 *fill*         0x0000000008003722        0x2 
 .text.Init     0x0000000008003724       0xcc ./Core/Src/setup.o
                0x0000000008003724                Init
 .text.ledTog   0x00000000080037f0       0x18 ./Core/Src/setup.o
                0x00000000080037f0                ledTog
 .text.rs485On  0x0000000008003808       0x18 ./Core/Src/setup.o
                0x0000000008003808                rs485On
 .text.rs485Off
                0x0000000008003820       0x18 ./Core/Src/setup.o
                0x0000000008003820                rs485Off
 .text.HAL_MspInit
                0x0000000008003838       0x64 ./Core/Src/stm32f1xx_hal_msp.o
                0x0000000008003838                HAL_MspInit
 .text.LL_TIM_ClearFlag_UPDATE
                0x000000000800389c       0x1a ./Core/Src/stm32f1xx_it.o
 .text.NMI_Handler
                0x00000000080038b6        0x6 ./Core/Src/stm32f1xx_it.o
                0x00000000080038b6                NMI_Handler
 .text.HardFault_Handler
                0x00000000080038bc        0x6 ./Core/Src/stm32f1xx_it.o
                0x00000000080038bc                HardFault_Handler
 .text.MemManage_Handler
                0x00000000080038c2        0x6 ./Core/Src/stm32f1xx_it.o
                0x00000000080038c2                MemManage_Handler
 .text.BusFault_Handler
                0x00000000080038c8        0x6 ./Core/Src/stm32f1xx_it.o
                0x00000000080038c8                BusFault_Handler
 .text.UsageFault_Handler
                0x00000000080038ce        0x6 ./Core/Src/stm32f1xx_it.o
                0x00000000080038ce                UsageFault_Handler
 .text.SVC_Handler
                0x00000000080038d4        0xc ./Core/Src/stm32f1xx_it.o
                0x00000000080038d4                SVC_Handler
 .text.DebugMon_Handler
                0x00000000080038e0        0xc ./Core/Src/stm32f1xx_it.o
                0x00000000080038e0                DebugMon_Handler
 .text.PendSV_Handler
                0x00000000080038ec        0xc ./Core/Src/stm32f1xx_it.o
                0x00000000080038ec                PendSV_Handler
 .text.SysTick_Handler
                0x00000000080038f8        0xc ./Core/Src/stm32f1xx_it.o
                0x00000000080038f8                SysTick_Handler
 .text.TIM3_IRQHandler
                0x0000000008003904       0x14 ./Core/Src/stm32f1xx_it.o
                0x0000000008003904                TIM3_IRQHandler
 .text.TIM4_IRQHandler
                0x0000000008003918       0x18 ./Core/Src/stm32f1xx_it.o
                0x0000000008003918                TIM4_IRQHandler
 .text.USART2_IRQHandler
                0x0000000008003930       0x14 ./Core/Src/stm32f1xx_it.o
                0x0000000008003930                USART2_IRQHandler
 .text._getpid  0x0000000008003944        0xe ./Core/Src/syscalls.o
                0x0000000008003944                _getpid
 .text._kill    0x0000000008003952       0x20 ./Core/Src/syscalls.o
                0x0000000008003952                _kill
 .text._exit    0x0000000008003972       0x14 ./Core/Src/syscalls.o
                0x0000000008003972                _exit
 .text._read    0x0000000008003986       0x3a ./Core/Src/syscalls.o
                0x0000000008003986                _read
 .text._write   0x00000000080039c0       0x38 ./Core/Src/syscalls.o
                0x00000000080039c0                _write
 .text._close   0x00000000080039f8       0x16 ./Core/Src/syscalls.o
                0x00000000080039f8                _close
 .text._fstat   0x0000000008003a0e       0x1e ./Core/Src/syscalls.o
                0x0000000008003a0e                _fstat
 .text._isatty  0x0000000008003a2c       0x14 ./Core/Src/syscalls.o
                0x0000000008003a2c                _isatty
 .text._lseek   0x0000000008003a40       0x18 ./Core/Src/syscalls.o
                0x0000000008003a40                _lseek
 .text._sbrk    0x0000000008003a58       0x6c ./Core/Src/sysmem.o
                0x0000000008003a58                _sbrk
 .text.SystemInit
                0x0000000008003ac4        0xc ./Core/Src/system_stm32f1xx.o
                0x0000000008003ac4                SystemInit
 .text.__NVIC_GetPriorityGrouping
                0x0000000008003ad0       0x1c ./Core/Src/tim.o
 .text.__NVIC_EnableIRQ
                0x0000000008003aec       0x38 ./Core/Src/tim.o
 .text.__NVIC_SetPriority
                0x0000000008003b24       0x54 ./Core/Src/tim.o
 .text.NVIC_EncodePriority
                0x0000000008003b78       0x64 ./Core/Src/tim.o
 .text.LL_APB1_GRP1_EnableClock
                0x0000000008003bdc       0x30 ./Core/Src/tim.o
 .text.LL_TIM_DisableARRPreload
                0x0000000008003c0c       0x1e ./Core/Src/tim.o
 *fill*         0x0000000008003c2a        0x2 
 .text.LL_TIM_OC_DisableFast
                0x0000000008003c2c       0x88 ./Core/Src/tim.o
 .text.LL_TIM_SetClockSource
                0x0000000008003cb4       0x28 ./Core/Src/tim.o
 .text.LL_TIM_SetTriggerOutput
                0x0000000008003cdc       0x24 ./Core/Src/tim.o
 .text.LL_TIM_DisableMasterSlaveMode
                0x0000000008003d00       0x1e ./Core/Src/tim.o
 *fill*         0x0000000008003d1e        0x2 
 .text.MX_TIM3_Init
                0x0000000008003d20       0xe4 ./Core/Src/tim.o
                0x0000000008003d20                MX_TIM3_Init
 .text.MX_TIM4_Init
                0x0000000008003e04       0xb8 ./Core/Src/tim.o
                0x0000000008003e04                MX_TIM4_Init
 .text.HAL_TIM_Base_MspInit
                0x0000000008003ebc       0x4c ./Core/Src/tim.o
                0x0000000008003ebc                HAL_TIM_Base_MspInit
 .text.LL_USART_IsActiveFlag_TXE
                0x0000000008003f08       0x24 ./Core/Src/uart_usb.o
 .text.LL_USART_TransmitData8
                0x0000000008003f2c       0x1c ./Core/Src/uart_usb.o
 .text.UART_TX_Str
                0x0000000008003f48       0x4c ./Core/Src/uart_usb.o
                0x0000000008003f48                UART_TX_Str
 .text.LL_APB2_GRP1_EnableClock
                0x0000000008003f94       0x30 ./Core/Src/usart.o
 .text.LL_USART_Enable
                0x0000000008003fc4       0x1e ./Core/Src/usart.o
 .text.LL_USART_ConfigAsyncMode
                0x0000000008003fe2       0x2a ./Core/Src/usart.o
 .text.MX_USART1_UART_Init
                0x000000000800400c       0xb0 ./Core/Src/usart.o
                0x000000000800400c                MX_USART1_UART_Init
 .text.MX_USART2_UART_Init
                0x00000000080040bc       0x54 ./Core/Src/usart.o
                0x00000000080040bc                MX_USART2_UART_Init
 .text.HAL_UART_MspInit
                0x0000000008004110       0xa4 ./Core/Src/usart.o
                0x0000000008004110                HAL_UART_MspInit
 .text.Reset_Handler
                0x00000000080041b4       0x48 ./Core/Startup/startup_stm32f103c8tx.o
                0x00000000080041b4                Reset_Handler
 .text.Default_Handler
                0x00000000080041fc        0x2 ./Core/Startup/startup_stm32f103c8tx.o
                0x00000000080041fc                RTC_Alarm_IRQHandler
                0x00000000080041fc                EXTI2_IRQHandler
                0x00000000080041fc                TIM1_CC_IRQHandler
                0x00000000080041fc                PVD_IRQHandler
                0x00000000080041fc                EXTI3_IRQHandler
                0x00000000080041fc                EXTI0_IRQHandler
                0x00000000080041fc                I2C2_EV_IRQHandler
                0x00000000080041fc                ADC1_2_IRQHandler
                0x00000000080041fc                SPI1_IRQHandler
                0x00000000080041fc                TAMPER_IRQHandler
                0x00000000080041fc                DMA1_Channel4_IRQHandler
                0x00000000080041fc                USART3_IRQHandler
                0x00000000080041fc                RTC_IRQHandler
                0x00000000080041fc                DMA1_Channel7_IRQHandler
                0x00000000080041fc                CAN1_RX1_IRQHandler
                0x00000000080041fc                I2C1_EV_IRQHandler
                0x00000000080041fc                DMA1_Channel6_IRQHandler
                0x00000000080041fc                RCC_IRQHandler
                0x00000000080041fc                TIM1_TRG_COM_IRQHandler
                0x00000000080041fc                DMA1_Channel1_IRQHandler
                0x00000000080041fc                Default_Handler
                0x00000000080041fc                EXTI15_10_IRQHandler
                0x00000000080041fc                EXTI9_5_IRQHandler
                0x00000000080041fc                SPI2_IRQHandler
                0x00000000080041fc                DMA1_Channel5_IRQHandler
                0x00000000080041fc                EXTI4_IRQHandler
                0x00000000080041fc                USB_LP_CAN1_RX0_IRQHandler
                0x00000000080041fc                USB_HP_CAN1_TX_IRQHandler
                0x00000000080041fc                DMA1_Channel3_IRQHandler
                0x00000000080041fc                TIM1_UP_IRQHandler
                0x00000000080041fc                WWDG_IRQHandler
                0x00000000080041fc                TIM2_IRQHandler
                0x00000000080041fc                TIM1_BRK_IRQHandler
                0x00000000080041fc                EXTI1_IRQHandler
                0x00000000080041fc                I2C2_ER_IRQHandler
                0x00000000080041fc                DMA1_Channel2_IRQHandler
                0x00000000080041fc                CAN1_SCE_IRQHandler
                0x00000000080041fc                FLASH_IRQHandler
                0x00000000080041fc                USART1_IRQHandler
                0x00000000080041fc                I2C1_ER_IRQHandler
                0x00000000080041fc                USBWakeUp_IRQHandler
 *fill*         0x00000000080041fe        0x2 
 .text.HAL_Init
                0x0000000008004200       0x2c ./Drivers/STM32F1xx_HAL_Driver/Src/stm32f1xx_hal.o
                0x0000000008004200                HAL_Init
 .text.HAL_InitTick
                0x000000000800422c       0x60 ./Drivers/STM32F1xx_HAL_Driver/Src/stm32f1xx_hal.o
                0x000000000800422c                HAL_InitTick
 .text.HAL_IncTick
                0x000000000800428c       0x24 ./Drivers/STM32F1xx_HAL_Driver/Src/stm32f1xx_hal.o
                0x000000000800428c                HAL_IncTick
 .text.HAL_GetTick
                0x00000000080042b0       0x14 ./Drivers/STM32F1xx_HAL_Driver/Src/stm32f1xx_hal.o
                0x00000000080042b0                HAL_GetTick
 .text.__NVIC_SetPriorityGrouping
                0x00000000080042c4       0x48 ./Drivers/STM32F1xx_HAL_Driver/Src/stm32f1xx_hal_cortex.o
 .text.__NVIC_GetPriorityGrouping
                0x000000000800430c       0x1c ./Drivers/STM32F1xx_HAL_Driver/Src/stm32f1xx_hal_cortex.o
 .text.__NVIC_EnableIRQ
                0x0000000008004328       0x38 ./Drivers/STM32F1xx_HAL_Driver/Src/stm32f1xx_hal_cortex.o
 .text.__NVIC_SetPriority
                0x0000000008004360       0x54 ./Drivers/STM32F1xx_HAL_Driver/Src/stm32f1xx_hal_cortex.o
 .text.NVIC_EncodePriority
                0x00000000080043b4       0x64 ./Drivers/STM32F1xx_HAL_Driver/Src/stm32f1xx_hal_cortex.o
 .text.SysTick_Config
                0x0000000008004418       0x44 ./Drivers/STM32F1xx_HAL_Driver/Src/stm32f1xx_hal_cortex.o
 .text.HAL_NVIC_SetPriorityGrouping
                0x000000000800445c       0x16 ./Drivers/STM32F1xx_HAL_Driver/Src/stm32f1xx_hal_cortex.o
                0x000000000800445c                HAL_NVIC_SetPriorityGrouping
 .text.HAL_NVIC_SetPriority
                0x0000000008004472       0x38 ./Drivers/STM32F1xx_HAL_Driver/Src/stm32f1xx_hal_cortex.o
                0x0000000008004472                HAL_NVIC_SetPriority
 .text.HAL_NVIC_EnableIRQ
                0x00000000080044aa       0x1c ./Drivers/STM32F1xx_HAL_Driver/Src/stm32f1xx_hal_cortex.o
                0x00000000080044aa                HAL_NVIC_EnableIRQ
 .text.HAL_SYSTICK_Config
                0x00000000080044c6       0x18 ./Drivers/STM32F1xx_HAL_Driver/Src/stm32f1xx_hal_cortex.o
                0x00000000080044c6                HAL_SYSTICK_Config
 .text.HAL_DMA_Abort
                0x00000000080044de       0x76 ./Drivers/STM32F1xx_HAL_Driver/Src/stm32f1xx_hal_dma.o
                0x00000000080044de                HAL_DMA_Abort
 .text.HAL_DMA_Abort_IT
                0x0000000008004554       0xf0 ./Drivers/STM32F1xx_HAL_Driver/Src/stm32f1xx_hal_dma.o
                0x0000000008004554                HAL_DMA_Abort_IT
 .text.HAL_GPIO_Init
                0x0000000008004644      0x308 ./Drivers/STM32F1xx_HAL_Driver/Src/stm32f1xx_hal_gpio.o
                0x0000000008004644                HAL_GPIO_Init
 .text.HAL_IWDG_Init
                0x000000000800494c       0x84 ./Drivers/STM32F1xx_HAL_Driver/Src/stm32f1xx_hal_iwdg.o
                0x000000000800494c                HAL_IWDG_Init
 .text.HAL_IWDG_Refresh
                0x00000000080049d0       0x1e ./Drivers/STM32F1xx_HAL_Driver/Src/stm32f1xx_hal_iwdg.o
                0x00000000080049d0                HAL_IWDG_Refresh
 *fill*         0x00000000080049ee        0x2 
 .text.HAL_RCC_GetHCLKFreq
                0x00000000080049f0       0x14 ./Drivers/STM32F1xx_HAL_Driver/Src/stm32f1xx_hal_rcc.o
                0x00000000080049f0                HAL_RCC_GetHCLKFreq
 .text.HAL_RCC_GetPCLK1Freq
                0x0000000008004a04       0x28 ./Drivers/STM32F1xx_HAL_Driver/Src/stm32f1xx_hal_rcc.o
                0x0000000008004a04                HAL_RCC_GetPCLK1Freq
 .text.HAL_RCC_GetPCLK2Freq
                0x0000000008004a2c       0x28 ./Drivers/STM32F1xx_HAL_Driver/Src/stm32f1xx_hal_rcc.o
                0x0000000008004a2c                HAL_RCC_GetPCLK2Freq
 .text.HAL_TIM_Base_Init
                0x0000000008004a54       0x9e ./Drivers/STM32F1xx_HAL_Driver/Src/stm32f1xx_hal_tim.o
                0x0000000008004a54                HAL_TIM_Base_Init
 *fill*         0x0000000008004af2        0x2 
 .text.HAL_TIM_Base_Start_IT
                0x0000000008004af4       0xa4 ./Drivers/STM32F1xx_HAL_Driver/Src/stm32f1xx_hal_tim.o
                0x0000000008004af4                HAL_TIM_Base_Start_IT
 .text.HAL_TIM_Base_Stop_IT
                0x0000000008004b98       0x5c ./Drivers/STM32F1xx_HAL_Driver/Src/stm32f1xx_hal_tim.o
                0x0000000008004b98                HAL_TIM_Base_Stop_IT
 .text.HAL_TIM_OC_Init
                0x0000000008004bf4       0x9e ./Drivers/STM32F1xx_HAL_Driver/Src/stm32f1xx_hal_tim.o
                0x0000000008004bf4                HAL_TIM_OC_Init
 .text.HAL_TIM_OC_MspInit
                0x0000000008004c92       0x12 ./Drivers/STM32F1xx_HAL_Driver/Src/stm32f1xx_hal_tim.o
                0x0000000008004c92                HAL_TIM_OC_MspInit
 .text.HAL_TIM_IRQHandler
                0x0000000008004ca4      0x210 ./Drivers/STM32F1xx_HAL_Driver/Src/stm32f1xx_hal_tim.o
                0x0000000008004ca4                HAL_TIM_IRQHandler
 .text.HAL_TIM_OC_ConfigChannel
                0x0000000008004eb4       0xb8 ./Drivers/STM32F1xx_HAL_Driver/Src/stm32f1xx_hal_tim.o
                0x0000000008004eb4                HAL_TIM_OC_ConfigChannel
 .text.HAL_TIM_ConfigClockSource
                0x0000000008004f6c      0x18e ./Drivers/STM32F1xx_HAL_Driver/Src/stm32f1xx_hal_tim.o
                0x0000000008004f6c                HAL_TIM_ConfigClockSource
 .text.HAL_TIM_OC_DelayElapsedCallback
                0x00000000080050fa       0x12 ./Drivers/STM32F1xx_HAL_Driver/Src/stm32f1xx_hal_tim.o
                0x00000000080050fa                HAL_TIM_OC_DelayElapsedCallback
 .text.HAL_TIM_IC_CaptureCallback
                0x000000000800510c       0x12 ./Drivers/STM32F1xx_HAL_Driver/Src/stm32f1xx_hal_tim.o
                0x000000000800510c                HAL_TIM_IC_CaptureCallback
 .text.HAL_TIM_PWM_PulseFinishedCallback
                0x000000000800511e       0x12 ./Drivers/STM32F1xx_HAL_Driver/Src/stm32f1xx_hal_tim.o
                0x000000000800511e                HAL_TIM_PWM_PulseFinishedCallback
 .text.HAL_TIM_TriggerCallback
                0x0000000008005130       0x12 ./Drivers/STM32F1xx_HAL_Driver/Src/stm32f1xx_hal_tim.o
                0x0000000008005130                HAL_TIM_TriggerCallback
 *fill*         0x0000000008005142        0x2 
 .text.TIM_Base_SetConfig
                0x0000000008005144       0xc4 ./Drivers/STM32F1xx_HAL_Driver/Src/stm32f1xx_hal_tim.o
                0x0000000008005144                TIM_Base_SetConfig
 .text.TIM_OC1_SetConfig
                0x0000000008005208       0xcc ./Drivers/STM32F1xx_HAL_Driver/Src/stm32f1xx_hal_tim.o
 .text.TIM_OC2_SetConfig
                0x00000000080052d4       0xd4 ./Drivers/STM32F1xx_HAL_Driver/Src/stm32f1xx_hal_tim.o
                0x00000000080052d4                TIM_OC2_SetConfig
 .text.TIM_OC3_SetConfig
                0x00000000080053a8       0xd4 ./Drivers/STM32F1xx_HAL_Driver/Src/stm32f1xx_hal_tim.o
 .text.TIM_OC4_SetConfig
                0x000000000800547c       0x9c ./Drivers/STM32F1xx_HAL_Driver/Src/stm32f1xx_hal_tim.o
 .text.TIM_TI1_ConfigInputStage
                0x0000000008005518       0x5c ./Drivers/STM32F1xx_HAL_Driver/Src/stm32f1xx_hal_tim.o
 .text.TIM_TI2_ConfigInputStage
                0x0000000008005574       0x5e ./Drivers/STM32F1xx_HAL_Driver/Src/stm32f1xx_hal_tim.o
 .text.TIM_ITRx_SetConfig
                0x00000000080055d2       0x34 ./Drivers/STM32F1xx_HAL_Driver/Src/stm32f1xx_hal_tim.o
 .text.TIM_ETR_SetConfig
                0x0000000008005606       0x3e ./Drivers/STM32F1xx_HAL_Driver/Src/stm32f1xx_hal_tim.o
                0x0000000008005606                TIM_ETR_SetConfig
 .text.HAL_TIMEx_MasterConfigSynchronization
                0x0000000008005644       0xbc ./Drivers/STM32F1xx_HAL_Driver/Src/stm32f1xx_hal_tim_ex.o
                0x0000000008005644                HAL_TIMEx_MasterConfigSynchronization
 .text.HAL_TIMEx_CommutCallback
                0x0000000008005700       0x12 ./Drivers/STM32F1xx_HAL_Driver/Src/stm32f1xx_hal_tim_ex.o
                0x0000000008005700                HAL_TIMEx_CommutCallback
 .text.HAL_TIMEx_BreakCallback
                0x0000000008005712       0x12 ./Drivers/STM32F1xx_HAL_Driver/Src/stm32f1xx_hal_tim_ex.o
                0x0000000008005712                HAL_TIMEx_BreakCallback
 .text.HAL_UART_Init
                0x0000000008005724       0xa0 ./Drivers/STM32F1xx_HAL_Driver/Src/stm32f1xx_hal_uart.o
                0x0000000008005724                HAL_UART_Init
 .text.HAL_UART_Transmit_IT
                0x00000000080057c4       0x6a ./Drivers/STM32F1xx_HAL_Driver/Src/stm32f1xx_hal_uart.o
                0x00000000080057c4                HAL_UART_Transmit_IT
 .text.HAL_UART_Receive_IT
                0x000000000800582e       0x4a ./Drivers/STM32F1xx_HAL_Driver/Src/stm32f1xx_hal_uart.o
                0x000000000800582e                HAL_UART_Receive_IT
 .text.HAL_UART_AbortTransmit_IT
                0x0000000008005878       0xe8 ./Drivers/STM32F1xx_HAL_Driver/Src/stm32f1xx_hal_uart.o
                0x0000000008005878                HAL_UART_AbortTransmit_IT
 .text.HAL_UART_AbortReceive_IT
                0x0000000008005960      0x164 ./Drivers/STM32F1xx_HAL_Driver/Src/stm32f1xx_hal_uart.o
                0x0000000008005960                HAL_UART_AbortReceive_IT
 .text.HAL_UART_IRQHandler
                0x0000000008005ac4      0x524 ./Drivers/STM32F1xx_HAL_Driver/Src/stm32f1xx_hal_uart.o
                0x0000000008005ac4                HAL_UART_IRQHandler
 .text.HAL_UART_ErrorCallback
                0x0000000008005fe8       0x12 ./Drivers/STM32F1xx_HAL_Driver/Src/stm32f1xx_hal_uart.o
                0x0000000008005fe8                HAL_UART_ErrorCallback
 .text.HAL_UART_AbortTransmitCpltCallback
                0x0000000008005ffa       0x12 ./Drivers/STM32F1xx_HAL_Driver/Src/stm32f1xx_hal_uart.o
                0x0000000008005ffa                HAL_UART_AbortTransmitCpltCallback
 .text.HAL_UART_AbortReceiveCpltCallback
                0x000000000800600c       0x12 ./Drivers/STM32F1xx_HAL_Driver/Src/stm32f1xx_hal_uart.o
                0x000000000800600c                HAL_UART_AbortReceiveCpltCallback
 .text.HAL_UARTEx_RxEventCallback
                0x000000000800601e       0x16 ./Drivers/STM32F1xx_HAL_Driver/Src/stm32f1xx_hal_uart.o
                0x000000000800601e                HAL_UARTEx_RxEventCallback
 .text.UART_Start_Receive_IT
                0x0000000008006034       0x72 ./Drivers/STM32F1xx_HAL_Driver/Src/stm32f1xx_hal_uart.o
                0x0000000008006034                UART_Start_Receive_IT
 .text.UART_EndRxTransfer
                0x00000000080060a6       0xc4 ./Drivers/STM32F1xx_HAL_Driver/Src/stm32f1xx_hal_uart.o
 .text.UART_DMAAbortOnError
                0x000000000800616a       0x28 ./Drivers/STM32F1xx_HAL_Driver/Src/stm32f1xx_hal_uart.o
 .text.UART_DMATxOnlyAbortCallback
                0x0000000008006192       0x2a ./Drivers/STM32F1xx_HAL_Driver/Src/stm32f1xx_hal_uart.o
 .text.UART_DMARxOnlyAbortCallback
                0x00000000080061bc       0x30 ./Drivers/STM32F1xx_HAL_Driver/Src/stm32f1xx_hal_uart.o
 .text.UART_Transmit_IT
                0x00000000080061ec       0x9e ./Drivers/STM32F1xx_HAL_Driver/Src/stm32f1xx_hal_uart.o
 .text.UART_EndTransmit_IT
                0x000000000800628a       0x30 ./Drivers/STM32F1xx_HAL_Driver/Src/stm32f1xx_hal_uart.o
 .text.UART_Receive_IT
                0x00000000080062ba      0x17c ./Drivers/STM32F1xx_HAL_Driver/Src/stm32f1xx_hal_uart.o
 *fill*         0x0000000008006436        0x2 
 .text.UART_SetConfig
                0x0000000008006438      0x11c ./Drivers/STM32F1xx_HAL_Driver/Src/stm32f1xx_hal_uart.o
 .text.LL_GPIO_SetPinMode
                0x0000000008006554       0x64 ./Drivers/STM32F1xx_HAL_Driver/Src/stm32f1xx_ll_gpio.o
 .text.LL_GPIO_SetPinSpeed
                0x00000000080065b8       0x64 ./Drivers/STM32F1xx_HAL_Driver/Src/stm32f1xx_ll_gpio.o
 .text.LL_GPIO_SetPinOutputType
                0x000000000800661c       0x64 ./Drivers/STM32F1xx_HAL_Driver/Src/stm32f1xx_ll_gpio.o
 .text.LL_GPIO_SetPinPull
                0x0000000008006680       0x44 ./Drivers/STM32F1xx_HAL_Driver/Src/stm32f1xx_ll_gpio.o
 .text.LL_GPIO_Init
                0x00000000080066c4       0xcc ./Drivers/STM32F1xx_HAL_Driver/Src/stm32f1xx_ll_gpio.o
                0x00000000080066c4                LL_GPIO_Init
 .text.LL_I2C_Enable
                0x0000000008006790       0x1e ./Drivers/STM32F1xx_HAL_Driver/Src/stm32f1xx_ll_i2c.o
 .text.LL_I2C_Disable
                0x00000000080067ae       0x1e ./Drivers/STM32F1xx_HAL_Driver/Src/stm32f1xx_ll_i2c.o
 .text.LL_I2C_SetOwnAddress1
                0x00000000080067cc       0x2e ./Drivers/STM32F1xx_HAL_Driver/Src/stm32f1xx_ll_i2c.o
 *fill*         0x00000000080067fa        0x2 
 .text.LL_I2C_ConfigSpeed
                0x00000000080067fc      0x12c ./Drivers/STM32F1xx_HAL_Driver/Src/stm32f1xx_ll_i2c.o
 .text.LL_I2C_SetMode
                0x0000000008006928       0x24 ./Drivers/STM32F1xx_HAL_Driver/Src/stm32f1xx_ll_i2c.o
 .text.LL_I2C_AcknowledgeNextData
                0x000000000800694c       0x24 ./Drivers/STM32F1xx_HAL_Driver/Src/stm32f1xx_ll_i2c.o
 .text.LL_I2C_Init
                0x0000000008006970       0x62 ./Drivers/STM32F1xx_HAL_Driver/Src/stm32f1xx_ll_i2c.o
                0x0000000008006970                LL_I2C_Init
 *fill*         0x00000000080069d2        0x2 
 .text.LL_RCC_GetSysClkSource
                0x00000000080069d4       0x18 ./Drivers/STM32F1xx_HAL_Driver/Src/stm32f1xx_ll_rcc.o
 .text.LL_RCC_GetAHBPrescaler
                0x00000000080069ec       0x18 ./Drivers/STM32F1xx_HAL_Driver/Src/stm32f1xx_ll_rcc.o
 .text.LL_RCC_GetAPB1Prescaler
                0x0000000008006a04       0x18 ./Drivers/STM32F1xx_HAL_Driver/Src/stm32f1xx_ll_rcc.o
 .text.LL_RCC_GetAPB2Prescaler
                0x0000000008006a1c       0x18 ./Drivers/STM32F1xx_HAL_Driver/Src/stm32f1xx_ll_rcc.o
 .text.LL_RCC_PLL_GetMainSource
                0x0000000008006a34       0x18 ./Drivers/STM32F1xx_HAL_Driver/Src/stm32f1xx_ll_rcc.o
 .text.LL_RCC_PLL_GetMultiplicator
                0x0000000008006a4c       0x18 ./Drivers/STM32F1xx_HAL_Driver/Src/stm32f1xx_ll_rcc.o
 .text.LL_RCC_PLL_GetPrediv
                0x0000000008006a64       0x1c ./Drivers/STM32F1xx_HAL_Driver/Src/stm32f1xx_ll_rcc.o
 .text.LL_RCC_GetSystemClocksFreq
                0x0000000008006a80       0x4a ./Drivers/STM32F1xx_HAL_Driver/Src/stm32f1xx_ll_rcc.o
                0x0000000008006a80                LL_RCC_GetSystemClocksFreq
 *fill*         0x0000000008006aca        0x2 
 .text.RCC_GetSystemClockFreq
                0x0000000008006acc       0x4c ./Drivers/STM32F1xx_HAL_Driver/Src/stm32f1xx_ll_rcc.o
                0x0000000008006acc                RCC_GetSystemClockFreq
 .text.RCC_GetHCLKClockFreq
                0x0000000008006b18       0x2c ./Drivers/STM32F1xx_HAL_Driver/Src/stm32f1xx_ll_rcc.o
                0x0000000008006b18                RCC_GetHCLKClockFreq
 .text.RCC_GetPCLK1ClockFreq
                0x0000000008006b44       0x28 ./Drivers/STM32F1xx_HAL_Driver/Src/stm32f1xx_ll_rcc.o
                0x0000000008006b44                RCC_GetPCLK1ClockFreq
 .text.RCC_GetPCLK2ClockFreq
                0x0000000008006b6c       0x28 ./Drivers/STM32F1xx_HAL_Driver/Src/stm32f1xx_ll_rcc.o
                0x0000000008006b6c                RCC_GetPCLK2ClockFreq
 .text.RCC_PLL_GetFreqDomain_SYS
                0x0000000008006b94       0x64 ./Drivers/STM32F1xx_HAL_Driver/Src/stm32f1xx_ll_rcc.o
                0x0000000008006b94                RCC_PLL_GetFreqDomain_SYS
 .text.LL_TIM_SetPrescaler
                0x0000000008006bf8       0x1a ./Drivers/STM32F1xx_HAL_Driver/Src/stm32f1xx_ll_tim.o
 .text.LL_TIM_SetAutoReload
                0x0000000008006c12       0x1a ./Drivers/STM32F1xx_HAL_Driver/Src/stm32f1xx_ll_tim.o
 .text.LL_TIM_SetRepetitionCounter
                0x0000000008006c2c       0x1a ./Drivers/STM32F1xx_HAL_Driver/Src/stm32f1xx_ll_tim.o
 .text.LL_TIM_OC_SetCompareCH1
                0x0000000008006c46       0x1a ./Drivers/STM32F1xx_HAL_Driver/Src/stm32f1xx_ll_tim.o
 .text.LL_TIM_OC_SetCompareCH2
                0x0000000008006c60       0x1a ./Drivers/STM32F1xx_HAL_Driver/Src/stm32f1xx_ll_tim.o
 .text.LL_TIM_OC_SetCompareCH3
                0x0000000008006c7a       0x1a ./Drivers/STM32F1xx_HAL_Driver/Src/stm32f1xx_ll_tim.o
 .text.LL_TIM_OC_SetCompareCH4
                0x0000000008006c94       0x1a ./Drivers/STM32F1xx_HAL_Driver/Src/stm32f1xx_ll_tim.o
 .text.LL_TIM_GenerateEvent_UPDATE
                0x0000000008006cae       0x1e ./Drivers/STM32F1xx_HAL_Driver/Src/stm32f1xx_ll_tim.o
 .text.LL_TIM_Init
                0x0000000008006ccc       0xbc ./Drivers/STM32F1xx_HAL_Driver/Src/stm32f1xx_ll_tim.o
                0x0000000008006ccc                LL_TIM_Init
 .text.LL_TIM_OC_Init
                0x0000000008006d88       0x82 ./Drivers/STM32F1xx_HAL_Driver/Src/stm32f1xx_ll_tim.o
                0x0000000008006d88                LL_TIM_OC_Init
 *fill*         0x0000000008006e0a        0x2 
 .text.OC1Config
                0x0000000008006e0c       0xcc ./Drivers/STM32F1xx_HAL_Driver/Src/stm32f1xx_ll_tim.o
 .text.OC2Config
                0x0000000008006ed8       0xd4 ./Drivers/STM32F1xx_HAL_Driver/Src/stm32f1xx_ll_tim.o
 .text.OC3Config
                0x0000000008006fac       0xd4 ./Drivers/STM32F1xx_HAL_Driver/Src/stm32f1xx_ll_tim.o
 .text.OC4Config
                0x0000000008007080       0xa4 ./Drivers/STM32F1xx_HAL_Driver/Src/stm32f1xx_ll_tim.o
 .text.LL_USART_IsEnabled
                0x0000000008007124       0x26 ./Drivers/STM32F1xx_HAL_Driver/Src/stm32f1xx_ll_usart.o
 .text.LL_USART_SetStopBitsLength
                0x000000000800714a       0x24 ./Drivers/STM32F1xx_HAL_Driver/Src/stm32f1xx_ll_usart.o
 .text.LL_USART_SetHWFlowCtrl
                0x000000000800716e       0x24 ./Drivers/STM32F1xx_HAL_Driver/Src/stm32f1xx_ll_usart.o
 *fill*         0x0000000008007192        0x2 
 .text.LL_USART_SetBaudRate
                0x0000000008007194       0xbc ./Drivers/STM32F1xx_HAL_Driver/Src/stm32f1xx_ll_usart.o
 .text.LL_USART_Init
                0x0000000008007250       0xc0 ./Drivers/STM32F1xx_HAL_Driver/Src/stm32f1xx_ll_usart.o
                0x0000000008007250                LL_USART_Init
 .text.LL_mDelay
                0x0000000008007310       0x48 ./Drivers/STM32F1xx_HAL_Driver/Src/stm32f1xx_ll_utils.o
                0x0000000008007310                LL_mDelay
 .text.LL_SetSystemCoreClock
                0x0000000008007358       0x1c ./Drivers/STM32F1xx_HAL_Driver/Src/stm32f1xx_ll_utils.o
                0x0000000008007358                LL_SetSystemCoreClock
 .text.eMBFuncReadCoils
                0x0000000008007374       0xfe ./Modules/modbus/functions/mbfunccoils.o
                0x0000000008007374                eMBFuncReadCoils
 .text.eMBFuncWriteCoil
                0x0000000008007472       0xa6 ./Modules/modbus/functions/mbfunccoils.o
                0x0000000008007472                eMBFuncWriteCoil
 .text.eMBFuncWriteMultipleCoils
                0x0000000008007518       0xce ./Modules/modbus/functions/mbfunccoils.o
                0x0000000008007518                eMBFuncWriteMultipleCoils
 .text.eMBFuncReadDiscreteInputs
                0x00000000080075e6       0xfe ./Modules/modbus/functions/mbfuncdisc.o
                0x00000000080075e6                eMBFuncReadDiscreteInputs
 .text.eMBFuncWriteHoldingRegister
                0x00000000080076e4       0x6a ./Modules/modbus/functions/mbfuncholding.o
                0x00000000080076e4                eMBFuncWriteHoldingRegister
 .text.eMBFuncWriteMultipleHoldingRegister
                0x000000000800774e       0xb2 ./Modules/modbus/functions/mbfuncholding.o
                0x000000000800774e                eMBFuncWriteMultipleHoldingRegister
 .text.eMBFuncReadHoldingRegister
                0x0000000008007800       0xde ./Modules/modbus/functions/mbfuncholding.o
                0x0000000008007800                eMBFuncReadHoldingRegister
 .text.eMBFuncReadWriteMultipleHoldingRegister
                0x00000000080078de      0x154 ./Modules/modbus/functions/mbfuncholding.o
                0x00000000080078de                eMBFuncReadWriteMultipleHoldingRegister
 .text.eMBFuncReadInputRegister
                0x0000000008007a32       0xe4 ./Modules/modbus/functions/mbfuncinput.o
                0x0000000008007a32                eMBFuncReadInputRegister
 *fill*         0x0000000008007b16        0x2 
 .text.eMBFuncReportSlaveID
                0x0000000008007b18       0x38 ./Modules/modbus/functions/mbfuncother.o
                0x0000000008007b18                eMBFuncReportSlaveID
 .text.prveMBError2Exception
                0x0000000008007b50       0x42 ./Modules/modbus/functions/mbutils.o
                0x0000000008007b50                prveMBError2Exception
 *fill*         0x0000000008007b92        0x2 
 .text.eMBInit  0x0000000008007b94       0xf8 ./Modules/modbus/mb.o
                0x0000000008007b94                eMBInit
 .text.eMBEnable
                0x0000000008007c8c       0x38 ./Modules/modbus/mb.o
                0x0000000008007c8c                eMBEnable
 .text.eMBPoll  0x0000000008007cc4      0x178 ./Modules/modbus/mb.o
                0x0000000008007cc4                eMBPoll
 .text.EnterCriticalSection
                0x0000000008007e3c       0x20 ./Modules/modbus/port/mt_port.o
                0x0000000008007e3c                EnterCriticalSection
 .text.ExitCriticalSection
                0x0000000008007e5c       0x28 ./Modules/modbus/port/mt_port.o
                0x0000000008007e5c                ExitCriticalSection
 .text.MT_PORT_SetTimerModule
                0x0000000008007e84       0x1c ./Modules/modbus/port/mt_port.o
                0x0000000008007e84                MT_PORT_SetTimerModule
 .text.MT_PORT_SetUartModule
                0x0000000008007ea0       0x1c ./Modules/modbus/port/mt_port.o
                0x0000000008007ea0                MT_PORT_SetUartModule
 .text.xMBPortEventInit
                0x0000000008007ebc       0x18 ./Modules/modbus/port/portevent.o
                0x0000000008007ebc                xMBPortEventInit
 .text.xMBPortEventPost
                0x0000000008007ed4       0x2c ./Modules/modbus/port/portevent.o
                0x0000000008007ed4                xMBPortEventPost
 .text.xMBPortEventGet
                0x0000000008007f00       0x3c ./Modules/modbus/port/portevent.o
                0x0000000008007f00                xMBPortEventGet
 .text.vMBPortSerialEnable
                0x0000000008007f3c       0x74 ./Modules/modbus/port/portserial.o
                0x0000000008007f3c                vMBPortSerialEnable
 .text.xMBPortSerialInit
                0x0000000008007fb0       0x24 ./Modules/modbus/port/portserial.o
                0x0000000008007fb0                xMBPortSerialInit
 .text.xMBPortSerialPutByte
                0x0000000008007fd4       0x30 ./Modules/modbus/port/portserial.o
                0x0000000008007fd4                xMBPortSerialPutByte
 .text.xMBPortSerialGetByte
                0x0000000008008004       0x30 ./Modules/modbus/port/portserial.o
                0x0000000008008004                xMBPortSerialGetByte
 .text.prvvUARTTxReadyISR
                0x0000000008008034       0x14 ./Modules/modbus/port/portserial.o
 .text.prvvUARTRxISR
                0x0000000008008048       0x14 ./Modules/modbus/port/portserial.o
 .text.HAL_UART_TxCpltCallback
                0x000000000800805c       0x28 ./Modules/modbus/port/portserial.o
                0x000000000800805c                HAL_UART_TxCpltCallback
 .text.HAL_UART_RxCpltCallback
                0x0000000008008084       0x28 ./Modules/modbus/port/portserial.o
                0x0000000008008084                HAL_UART_RxCpltCallback
 .text.xMBPortTimersInit
                0x00000000080080ac       0x20 ./Modules/modbus/port/porttimer.o
                0x00000000080080ac                xMBPortTimersInit
 .text.vMBPortTimersEnable
                0x00000000080080cc       0x20 ./Modules/modbus/port/porttimer.o
                0x00000000080080cc                vMBPortTimersEnable
 .text.vMBPortTimersDisable
                0x00000000080080ec       0x18 ./Modules/modbus/port/porttimer.o
                0x00000000080080ec                vMBPortTimersDisable
 .text.prvvTIMERExpiredISR
                0x0000000008008104       0x14 ./Modules/modbus/port/porttimer.o
 .text.HAL_TIM_PeriodElapsedCallback
                0x0000000008008118       0x48 ./Modules/modbus/port/porttimer.o
                0x0000000008008118                HAL_TIM_PeriodElapsedCallback
 .text.usMBCRC16
                0x0000000008008160       0x6c ./Modules/modbus/rtu/mbcrc.o
                0x0000000008008160                usMBCRC16
 .text.eMBRTUInit
                0x00000000080081cc       0x78 ./Modules/modbus/rtu/mbrtu.o
                0x00000000080081cc                eMBRTUInit
 .text.eMBRTUStart
                0x0000000008008244       0x28 ./Modules/modbus/rtu/mbrtu.o
                0x0000000008008244                eMBRTUStart
 .text.eMBRTUStop
                0x000000000800826c       0x1c ./Modules/modbus/rtu/mbrtu.o
                0x000000000800826c                eMBRTUStop
 .text.eMBRTUReceive
                0x0000000008008288       0x9c ./Modules/modbus/rtu/mbrtu.o
                0x0000000008008288                eMBRTUReceive
 .text.eMBRTUSend
                0x0000000008008324       0xc8 ./Modules/modbus/rtu/mbrtu.o
                0x0000000008008324                eMBRTUSend
 .text.xMBRTUReceiveFSM
                0x00000000080083ec       0xd0 ./Modules/modbus/rtu/mbrtu.o
                0x00000000080083ec                xMBRTUReceiveFSM
 .text.xMBRTUTransmitFSM
                0x00000000080084bc       0xb0 ./Modules/modbus/rtu/mbrtu.o
                0x00000000080084bc                xMBRTUTransmitFSM
 .text.xMBRTUTimerT35Expired
                0x000000000800856c       0x8c ./Modules/modbus/rtu/mbrtu.o
                0x000000000800856c                xMBRTUTimerT35Expired
 .text.__assert_func
                0x00000000080085f8       0x3c c:/st/stm32cubeide_1.11.2/stm32cubeide/plugins/com.st.stm32cube.ide.mcu.externaltools.gnu-tools-for-stm32.10.3-2021.10.win32_1.0.100.202210260954/tools/bin/../lib/gcc/arm-none-eabi/10.3.1/../../../../arm-none-eabi/lib/thumb/v7-m/nofp\libc_nano.a(lib_a-assert.o)
                0x00000000080085f8                __assert_func
 .text.__errno  0x0000000008008634        0xc c:/st/stm32cubeide_1.11.2/stm32cubeide/plugins/com.st.stm32cube.ide.mcu.externaltools.gnu-tools-for-stm32.10.3-2021.10.win32_1.0.100.202210260954/tools/bin/../lib/gcc/arm-none-eabi/10.3.1/../../../../arm-none-eabi/lib/thumb/v7-m/nofp\libc_nano.a(lib_a-errno.o)
                0x0000000008008634                __errno
 .text.fprintf  0x0000000008008640       0x24 c:/st/stm32cubeide_1.11.2/stm32cubeide/plugins/com.st.stm32cube.ide.mcu.externaltools.gnu-tools-for-stm32.10.3-2021.10.win32_1.0.100.202210260954/tools/bin/../lib/gcc/arm-none-eabi/10.3.1/../../../../arm-none-eabi/lib/thumb/v7-m/nofp\libc_nano.a(lib_a-fprintf.o)
                0x0000000008008640                fiprintf
                0x0000000008008640                fprintf
 .text.__libc_init_array
                0x0000000008008664       0x48 c:/st/stm32cubeide_1.11.2/stm32cubeide/plugins/com.st.stm32cube.ide.mcu.externaltools.gnu-tools-for-stm32.10.3-2021.10.win32_1.0.100.202210260954/tools/bin/../lib/gcc/arm-none-eabi/10.3.1/../../../../arm-none-eabi/lib/thumb/v7-m/nofp\libc_nano.a(lib_a-init.o)
                0x0000000008008664                __libc_init_array
 .text.memcpy   0x00000000080086ac       0x1c c:/st/stm32cubeide_1.11.2/stm32cubeide/plugins/com.st.stm32cube.ide.mcu.externaltools.gnu-tools-for-stm32.10.3-2021.10.win32_1.0.100.202210260954/tools/bin/../lib/gcc/arm-none-eabi/10.3.1/../../../../arm-none-eabi/lib/thumb/v7-m/nofp\libc_nano.a(lib_a-memcpy-stub.o)
                0x00000000080086ac                memcpy
 .text.memset   0x00000000080086c8       0x10 c:/st/stm32cubeide_1.11.2/stm32cubeide/plugins/com.st.stm32cube.ide.mcu.externaltools.gnu-tools-for-stm32.10.3-2021.10.win32_1.0.100.202210260954/tools/bin/../lib/gcc/arm-none-eabi/10.3.1/../../../../arm-none-eabi/lib/thumb/v7-m/nofp\libc_nano.a(lib_a-memset.o)
                0x00000000080086c8                memset
 .text.__sfputc_r
                0x00000000080086d8       0x2a c:/st/stm32cubeide_1.11.2/stm32cubeide/plugins/com.st.stm32cube.ide.mcu.externaltools.gnu-tools-for-stm32.10.3-2021.10.win32_1.0.100.202210260954/tools/bin/../lib/gcc/arm-none-eabi/10.3.1/../../../../arm-none-eabi/lib/thumb/v7-m/nofp\libc_nano.a(lib_a-nano-vfprintf.o)
 .text.__sfputs_r
                0x0000000008008702       0x24 c:/st/stm32cubeide_1.11.2/stm32cubeide/plugins/com.st.stm32cube.ide.mcu.externaltools.gnu-tools-for-stm32.10.3-2021.10.win32_1.0.100.202210260954/tools/bin/../lib/gcc/arm-none-eabi/10.3.1/../../../../arm-none-eabi/lib/thumb/v7-m/nofp\libc_nano.a(lib_a-nano-vfprintf.o)
                0x0000000008008702                __sfputs_r
 *fill*         0x0000000008008726        0x2 
 .text._vfprintf_r
                0x0000000008008728      0x260 c:/st/stm32cubeide_1.11.2/stm32cubeide/plugins/com.st.stm32cube.ide.mcu.externaltools.gnu-tools-for-stm32.10.3-2021.10.win32_1.0.100.202210260954/tools/bin/../lib/gcc/arm-none-eabi/10.3.1/../../../../arm-none-eabi/lib/thumb/v7-m/nofp\libc_nano.a(lib_a-nano-vfprintf.o)
                0x0000000008008728                _vfprintf_r
                0x0000000008008728                _vfiprintf_r
 .text._printf_common
                0x0000000008008988       0xde c:/st/stm32cubeide_1.11.2/stm32cubeide/plugins/com.st.stm32cube.ide.mcu.externaltools.gnu-tools-for-stm32.10.3-2021.10.win32_1.0.100.202210260954/tools/bin/../lib/gcc/arm-none-eabi/10.3.1/../../../../arm-none-eabi/lib/thumb/v7-m/nofp\libc_nano.a(lib_a-nano-vfprintf_i.o)
                0x0000000008008988                _printf_common
 *fill*         0x0000000008008a66        0x2 
 .text._printf_i
                0x0000000008008a68      0x24c c:/st/stm32cubeide_1.11.2/stm32cubeide/plugins/com.st.stm32cube.ide.mcu.externaltools.gnu-tools-for-stm32.10.3-2021.10.win32_1.0.100.202210260954/tools/bin/../lib/gcc/arm-none-eabi/10.3.1/../../../../arm-none-eabi/lib/thumb/v7-m/nofp\libc_nano.a(lib_a-nano-vfprintf_i.o)
                0x0000000008008a68                _printf_i
 .text.sprintf  0x0000000008008cb4       0x40 c:/st/stm32cubeide_1.11.2/stm32cubeide/plugins/com.st.stm32cube.ide.mcu.externaltools.gnu-tools-for-stm32.10.3-2021.10.win32_1.0.100.202210260954/tools/bin/../lib/gcc/arm-none-eabi/10.3.1/../../../../arm-none-eabi/lib/thumb/v7-m/nofp\libc_nano.a(lib_a-sprintf.o)
                0x0000000008008cb4                siprintf
                0x0000000008008cb4                sprintf
 .text.__swbuf_r
                0x0000000008008cf4       0xa4 c:/st/stm32cubeide_1.11.2/stm32cubeide/plugins/com.st.stm32cube.ide.mcu.externaltools.gnu-tools-for-stm32.10.3-2021.10.win32_1.0.100.202210260954/tools/bin/../lib/gcc/arm-none-eabi/10.3.1/../../../../arm-none-eabi/lib/thumb/v7-m/nofp\libc_nano.a(lib_a-wbuf.o)
                0x0000000008008cf4                __swbuf_r
 .text.__swsetup_r
                0x0000000008008d98       0xdc c:/st/stm32cubeide_1.11.2/stm32cubeide/plugins/com.st.stm32cube.ide.mcu.externaltools.gnu-tools-for-stm32.10.3-2021.10.win32_1.0.100.202210260954/tools/bin/../lib/gcc/arm-none-eabi/10.3.1/../../../../arm-none-eabi/lib/thumb/v7-m/nofp\libc_nano.a(lib_a-wsetup.o)
                0x0000000008008d98                __swsetup_r
 .text.abort    0x0000000008008e74        0xe c:/st/stm32cubeide_1.11.2/stm32cubeide/plugins/com.st.stm32cube.ide.mcu.externaltools.gnu-tools-for-stm32.10.3-2021.10.win32_1.0.100.202210260954/tools/bin/../lib/gcc/arm-none-eabi/10.3.1/../../../../arm-none-eabi/lib/thumb/v7-m/nofp\libc_nano.a(lib_a-abort.o)
                0x0000000008008e74                abort
 *fill*         0x0000000008008e82        0x2 
 .text.__sflush_r
                0x0000000008008e84      0x104 c:/st/stm32cubeide_1.11.2/stm32cubeide/plugins/com.st.stm32cube.ide.mcu.externaltools.gnu-tools-for-stm32.10.3-2021.10.win32_1.0.100.202210260954/tools/bin/../lib/gcc/arm-none-eabi/10.3.1/../../../../arm-none-eabi/lib/thumb/v7-m/nofp\libc_nano.a(lib_a-fflush.o)
                0x0000000008008e84                __sflush_r
 .text._fflush_r
                0x0000000008008f88       0x78 c:/st/stm32cubeide_1.11.2/stm32cubeide/plugins/com.st.stm32cube.ide.mcu.externaltools.gnu-tools-for-stm32.10.3-2021.10.win32_1.0.100.202210260954/tools/bin/../lib/gcc/arm-none-eabi/10.3.1/../../../../arm-none-eabi/lib/thumb/v7-m/nofp\libc_nano.a(lib_a-fflush.o)
                0x0000000008008f88                _fflush_r
 .text.std      0x0000000008009000       0x48 c:/st/stm32cubeide_1.11.2/stm32cubeide/plugins/com.st.stm32cube.ide.mcu.externaltools.gnu-tools-for-stm32.10.3-2021.10.win32_1.0.100.202210260954/tools/bin/../lib/gcc/arm-none-eabi/10.3.1/../../../../arm-none-eabi/lib/thumb/v7-m/nofp\libc_nano.a(lib_a-findfp.o)
 .text._cleanup_r
                0x0000000008009048        0xc c:/st/stm32cubeide_1.11.2/stm32cubeide/plugins/com.st.stm32cube.ide.mcu.externaltools.gnu-tools-for-stm32.10.3-2021.10.win32_1.0.100.202210260954/tools/bin/../lib/gcc/arm-none-eabi/10.3.1/../../../../arm-none-eabi/lib/thumb/v7-m/nofp\libc_nano.a(lib_a-findfp.o)
                0x0000000008009048                _cleanup_r
 .text.__sfmoreglue
                0x0000000008009054       0x2c c:/st/stm32cubeide_1.11.2/stm32cubeide/plugins/com.st.stm32cube.ide.mcu.externaltools.gnu-tools-for-stm32.10.3-2021.10.win32_1.0.100.202210260954/tools/bin/../lib/gcc/arm-none-eabi/10.3.1/../../../../arm-none-eabi/lib/thumb/v7-m/nofp\libc_nano.a(lib_a-findfp.o)
                0x0000000008009054                __sfmoreglue
 .text.__sfp_lock_acquire
                0x0000000008009080        0xc c:/st/stm32cubeide_1.11.2/stm32cubeide/plugins/com.st.stm32cube.ide.mcu.externaltools.gnu-tools-for-stm32.10.3-2021.10.win32_1.0.100.202210260954/tools/bin/../lib/gcc/arm-none-eabi/10.3.1/../../../../arm-none-eabi/lib/thumb/v7-m/nofp\libc_nano.a(lib_a-findfp.o)
                0x0000000008009080                __sfp_lock_acquire
 .text.__sfp_lock_release
                0x000000000800908c        0xc c:/st/stm32cubeide_1.11.2/stm32cubeide/plugins/com.st.stm32cube.ide.mcu.externaltools.gnu-tools-for-stm32.10.3-2021.10.win32_1.0.100.202210260954/tools/bin/../lib/gcc/arm-none-eabi/10.3.1/../../../../arm-none-eabi/lib/thumb/v7-m/nofp\libc_nano.a(lib_a-findfp.o)
                0x000000000800908c                __sfp_lock_release
 .text.__sinit_lock_acquire
                0x0000000008009098        0xc c:/st/stm32cubeide_1.11.2/stm32cubeide/plugins/com.st.stm32cube.ide.mcu.externaltools.gnu-tools-for-stm32.10.3-2021.10.win32_1.0.100.202210260954/tools/bin/../lib/gcc/arm-none-eabi/10.3.1/../../../../arm-none-eabi/lib/thumb/v7-m/nofp\libc_nano.a(lib_a-findfp.o)
                0x0000000008009098                __sinit_lock_acquire
 .text.__sinit_lock_release
                0x00000000080090a4        0xc c:/st/stm32cubeide_1.11.2/stm32cubeide/plugins/com.st.stm32cube.ide.mcu.externaltools.gnu-tools-for-stm32.10.3-2021.10.win32_1.0.100.202210260954/tools/bin/../lib/gcc/arm-none-eabi/10.3.1/../../../../arm-none-eabi/lib/thumb/v7-m/nofp\libc_nano.a(lib_a-findfp.o)
                0x00000000080090a4                __sinit_lock_release
 .text.__sinit  0x00000000080090b0       0x70 c:/st/stm32cubeide_1.11.2/stm32cubeide/plugins/com.st.stm32cube.ide.mcu.externaltools.gnu-tools-for-stm32.10.3-2021.10.win32_1.0.100.202210260954/tools/bin/../lib/gcc/arm-none-eabi/10.3.1/../../../../arm-none-eabi/lib/thumb/v7-m/nofp\libc_nano.a(lib_a-findfp.o)
                0x00000000080090b0                __sinit
 .text.__sfp    0x0000000008009120       0x8c c:/st/stm32cubeide_1.11.2/stm32cubeide/plugins/com.st.stm32cube.ide.mcu.externaltools.gnu-tools-for-stm32.10.3-2021.10.win32_1.0.100.202210260954/tools/bin/../lib/gcc/arm-none-eabi/10.3.1/../../../../arm-none-eabi/lib/thumb/v7-m/nofp\libc_nano.a(lib_a-findfp.o)
                0x0000000008009120                __sfp
 .text._fwalk_reent
                0x00000000080091ac       0x3e c:/st/stm32cubeide_1.11.2/stm32cubeide/plugins/com.st.stm32cube.ide.mcu.externaltools.gnu-tools-for-stm32.10.3-2021.10.win32_1.0.100.202210260954/tools/bin/../lib/gcc/arm-none-eabi/10.3.1/../../../../arm-none-eabi/lib/thumb/v7-m/nofp\libc_nano.a(lib_a-fwalk.o)
                0x00000000080091ac                _fwalk_reent
 .text.__retarget_lock_init_recursive
                0x00000000080091ea        0x2 c:/st/stm32cubeide_1.11.2/stm32cubeide/plugins/com.st.stm32cube.ide.mcu.externaltools.gnu-tools-for-stm32.10.3-2021.10.win32_1.0.100.202210260954/tools/bin/../lib/gcc/arm-none-eabi/10.3.1/../../../../arm-none-eabi/lib/thumb/v7-m/nofp\libc_nano.a(lib_a-lock.o)
                0x00000000080091ea                __retarget_lock_init_recursive
 .text.__retarget_lock_acquire_recursive
                0x00000000080091ec        0x2 c:/st/stm32cubeide_1.11.2/stm32cubeide/plugins/com.st.stm32cube.ide.mcu.externaltools.gnu-tools-for-stm32.10.3-2021.10.win32_1.0.100.202210260954/tools/bin/../lib/gcc/arm-none-eabi/10.3.1/../../../../arm-none-eabi/lib/thumb/v7-m/nofp\libc_nano.a(lib_a-lock.o)
                0x00000000080091ec                __retarget_lock_acquire_recursive
 .text.__retarget_lock_release_recursive
                0x00000000080091ee        0x2 c:/st/stm32cubeide_1.11.2/stm32cubeide/plugins/com.st.stm32cube.ide.mcu.externaltools.gnu-tools-for-stm32.10.3-2021.10.win32_1.0.100.202210260954/tools/bin/../lib/gcc/arm-none-eabi/10.3.1/../../../../arm-none-eabi/lib/thumb/v7-m/nofp\libc_nano.a(lib_a-lock.o)
                0x00000000080091ee                __retarget_lock_release_recursive
 .text.__swhatbuf_r
                0x00000000080091f0       0x4a c:/st/stm32cubeide_1.11.2/stm32cubeide/plugins/com.st.stm32cube.ide.mcu.externaltools.gnu-tools-for-stm32.10.3-2021.10.win32_1.0.100.202210260954/tools/bin/../lib/gcc/arm-none-eabi/10.3.1/../../../../arm-none-eabi/lib/thumb/v7-m/nofp\libc_nano.a(lib_a-makebuf.o)
                0x00000000080091f0                __swhatbuf_r
 *fill*         0x000000000800923a        0x2 
 .text.__smakebuf_r
                0x000000000800923c       0x80 c:/st/stm32cubeide_1.11.2/stm32cubeide/plugins/com.st.stm32cube.ide.mcu.externaltools.gnu-tools-for-stm32.10.3-2021.10.win32_1.0.100.202210260954/tools/bin/../lib/gcc/arm-none-eabi/10.3.1/../../../../arm-none-eabi/lib/thumb/v7-m/nofp\libc_nano.a(lib_a-makebuf.o)
                0x000000000800923c                __smakebuf_r
 .text.memchr   0x00000000080092bc       0x1c c:/st/stm32cubeide_1.11.2/stm32cubeide/plugins/com.st.stm32cube.ide.mcu.externaltools.gnu-tools-for-stm32.10.3-2021.10.win32_1.0.100.202210260954/tools/bin/../lib/gcc/arm-none-eabi/10.3.1/../../../../arm-none-eabi/lib/thumb/v7-m/nofp\libc_nano.a(lib_a-memchr-stub.o)
                0x00000000080092bc                memchr
 .text.memmove  0x00000000080092d8       0x34 c:/st/stm32cubeide_1.11.2/stm32cubeide/plugins/com.st.stm32cube.ide.mcu.externaltools.gnu-tools-for-stm32.10.3-2021.10.win32_1.0.100.202210260954/tools/bin/../lib/gcc/arm-none-eabi/10.3.1/../../../../arm-none-eabi/lib/thumb/v7-m/nofp\libc_nano.a(lib_a-memmove.o)
                0x00000000080092d8                memmove
 .text._free_r  0x000000000800930c       0x90 c:/st/stm32cubeide_1.11.2/stm32cubeide/plugins/com.st.stm32cube.ide.mcu.externaltools.gnu-tools-for-stm32.10.3-2021.10.win32_1.0.100.202210260954/tools/bin/../lib/gcc/arm-none-eabi/10.3.1/../../../../arm-none-eabi/lib/thumb/v7-m/nofp\libc_nano.a(lib_a-nano-freer.o)
                0x000000000800930c                _free_r
 .text.sbrk_aligned
                0x000000000800939c       0x40 c:/st/stm32cubeide_1.11.2/stm32cubeide/plugins/com.st.stm32cube.ide.mcu.externaltools.gnu-tools-for-stm32.10.3-2021.10.win32_1.0.100.202210260954/tools/bin/../lib/gcc/arm-none-eabi/10.3.1/../../../../arm-none-eabi/lib/thumb/v7-m/nofp\libc_nano.a(lib_a-nano-mallocr.o)
 .text._malloc_r
                0x00000000080093dc       0xe8 c:/st/stm32cubeide_1.11.2/stm32cubeide/plugins/com.st.stm32cube.ide.mcu.externaltools.gnu-tools-for-stm32.10.3-2021.10.win32_1.0.100.202210260954/tools/bin/../lib/gcc/arm-none-eabi/10.3.1/../../../../arm-none-eabi/lib/thumb/v7-m/nofp\libc_nano.a(lib_a-nano-mallocr.o)
                0x00000000080093dc                _malloc_r
 .text._realloc_r
                0x00000000080094c4       0x5e c:/st/stm32cubeide_1.11.2/stm32cubeide/plugins/com.st.stm32cube.ide.mcu.externaltools.gnu-tools-for-stm32.10.3-2021.10.win32_1.0.100.202210260954/tools/bin/../lib/gcc/arm-none-eabi/10.3.1/../../../../arm-none-eabi/lib/thumb/v7-m/nofp\libc_nano.a(lib_a-nano-reallocr.o)
                0x00000000080094c4                _realloc_r
 .text.__ssputs_r
                0x0000000008009522       0xb6 c:/st/stm32cubeide_1.11.2/stm32cubeide/plugins/com.st.stm32cube.ide.mcu.externaltools.gnu-tools-for-stm32.10.3-2021.10.win32_1.0.100.202210260954/tools/bin/../lib/gcc/arm-none-eabi/10.3.1/../../../../arm-none-eabi/lib/thumb/v7-m/nofp\libc_nano.a(lib_a-nano-svfprintf.o)
                0x0000000008009522                __ssputs_r
 .text._svfprintf_r
                0x00000000080095d8      0x200 c:/st/stm32cubeide_1.11.2/stm32cubeide/plugins/com.st.stm32cube.ide.mcu.externaltools.gnu-tools-for-stm32.10.3-2021.10.win32_1.0.100.202210260954/tools/bin/../lib/gcc/arm-none-eabi/10.3.1/../../../../arm-none-eabi/lib/thumb/v7-m/nofp\libc_nano.a(lib_a-nano-svfprintf.o)
                0x00000000080095d8                _svfiprintf_r
                0x00000000080095d8                _svfprintf_r
 .text._sbrk_r  0x00000000080097d8       0x20 c:/st/stm32cubeide_1.11.2/stm32cubeide/plugins/com.st.stm32cube.ide.mcu.externaltools.gnu-tools-for-stm32.10.3-2021.10.win32_1.0.100.202210260954/tools/bin/../lib/gcc/arm-none-eabi/10.3.1/../../../../arm-none-eabi/lib/thumb/v7-m/nofp\libc_nano.a(lib_a-sbrkr.o)
                0x00000000080097d8                _sbrk_r
 .text._raise_r
                0x00000000080097f8       0x50 c:/st/stm32cubeide_1.11.2/stm32cubeide/plugins/com.st.stm32cube.ide.mcu.externaltools.gnu-tools-for-stm32.10.3-2021.10.win32_1.0.100.202210260954/tools/bin/../lib/gcc/arm-none-eabi/10.3.1/../../../../arm-none-eabi/lib/thumb/v7-m/nofp\libc_nano.a(lib_a-signal.o)
                0x00000000080097f8                _raise_r
 .text.raise    0x0000000008009848       0x10 c:/st/stm32cubeide_1.11.2/stm32cubeide/plugins/com.st.stm32cube.ide.mcu.externaltools.gnu-tools-for-stm32.10.3-2021.10.win32_1.0.100.202210260954/tools/bin/../lib/gcc/arm-none-eabi/10.3.1/../../../../arm-none-eabi/lib/thumb/v7-m/nofp\libc_nano.a(lib_a-signal.o)
                0x0000000008009848                raise
 .text._kill_r  0x0000000008009858       0x24 c:/st/stm32cubeide_1.11.2/stm32cubeide/plugins/com.st.stm32cube.ide.mcu.externaltools.gnu-tools-for-stm32.10.3-2021.10.win32_1.0.100.202210260954/tools/bin/../lib/gcc/arm-none-eabi/10.3.1/../../../../arm-none-eabi/lib/thumb/v7-m/nofp\libc_nano.a(lib_a-signalr.o)
                0x0000000008009858                _kill_r
 .text._getpid_r
                0x000000000800987c        0x4 c:/st/stm32cubeide_1.11.2/stm32cubeide/plugins/com.st.stm32cube.ide.mcu.externaltools.gnu-tools-for-stm32.10.3-2021.10.win32_1.0.100.202210260954/tools/bin/../lib/gcc/arm-none-eabi/10.3.1/../../../../arm-none-eabi/lib/thumb/v7-m/nofp\libc_nano.a(lib_a-signalr.o)
                0x000000000800987c                _getpid_r
 .text.__sread  0x0000000008009880       0x22 c:/st/stm32cubeide_1.11.2/stm32cubeide/plugins/com.st.stm32cube.ide.mcu.externaltools.gnu-tools-for-stm32.10.3-2021.10.win32_1.0.100.202210260954/tools/bin/../lib/gcc/arm-none-eabi/10.3.1/../../../../arm-none-eabi/lib/thumb/v7-m/nofp\libc_nano.a(lib_a-stdio.o)
                0x0000000008009880                __sread
 .text.__swrite
                0x00000000080098a2       0x38 c:/st/stm32cubeide_1.11.2/stm32cubeide/plugins/com.st.stm32cube.ide.mcu.externaltools.gnu-tools-for-stm32.10.3-2021.10.win32_1.0.100.202210260954/tools/bin/../lib/gcc/arm-none-eabi/10.3.1/../../../../arm-none-eabi/lib/thumb/v7-m/nofp\libc_nano.a(lib_a-stdio.o)
                0x00000000080098a2                __swrite
 .text.__sseek  0x00000000080098da       0x24 c:/st/stm32cubeide_1.11.2/stm32cubeide/plugins/com.st.stm32cube.ide.mcu.externaltools.gnu-tools-for-stm32.10.3-2021.10.win32_1.0.100.202210260954/tools/bin/../lib/gcc/arm-none-eabi/10.3.1/../../../../arm-none-eabi/lib/thumb/v7-m/nofp\libc_nano.a(lib_a-stdio.o)
                0x00000000080098da                __sseek
 .text.__sclose
                0x00000000080098fe        0x8 c:/st/stm32cubeide_1.11.2/stm32cubeide/plugins/com.st.stm32cube.ide.mcu.externaltools.gnu-tools-for-stm32.10.3-2021.10.win32_1.0.100.202210260954/tools/bin/../lib/gcc/arm-none-eabi/10.3.1/../../../../arm-none-eabi/lib/thumb/v7-m/nofp\libc_nano.a(lib_a-stdio.o)
                0x00000000080098fe                __sclose
 *fill*         0x0000000008009906        0x2 
 .text._write_r
                0x0000000008009908       0x24 c:/st/stm32cubeide_1.11.2/stm32cubeide/plugins/com.st.stm32cube.ide.mcu.externaltools.gnu-tools-for-stm32.10.3-2021.10.win32_1.0.100.202210260954/tools/bin/../lib/gcc/arm-none-eabi/10.3.1/../../../../arm-none-eabi/lib/thumb/v7-m/nofp\libc_nano.a(lib_a-writer.o)
                0x0000000008009908                _write_r
 .text._close_r
                0x000000000800992c       0x20 c:/st/stm32cubeide_1.11.2/stm32cubeide/plugins/com.st.stm32cube.ide.mcu.externaltools.gnu-tools-for-stm32.10.3-2021.10.win32_1.0.100.202210260954/tools/bin/../lib/gcc/arm-none-eabi/10.3.1/../../../../arm-none-eabi/lib/thumb/v7-m/nofp\libc_nano.a(lib_a-closer.o)
                0x000000000800992c                _close_r
 .text._fstat_r
                0x000000000800994c       0x24 c:/st/stm32cubeide_1.11.2/stm32cubeide/plugins/com.st.stm32cube.ide.mcu.externaltools.gnu-tools-for-stm32.10.3-2021.10.win32_1.0.100.202210260954/tools/bin/../lib/gcc/arm-none-eabi/10.3.1/../../../../arm-none-eabi/lib/thumb/v7-m/nofp\libc_nano.a(lib_a-fstatr.o)
                0x000000000800994c                _fstat_r
 .text._isatty_r
                0x0000000008009970       0x20 c:/st/stm32cubeide_1.11.2/stm32cubeide/plugins/com.st.stm32cube.ide.mcu.externaltools.gnu-tools-for-stm32.10.3-2021.10.win32_1.0.100.202210260954/tools/bin/../lib/gcc/arm-none-eabi/10.3.1/../../../../arm-none-eabi/lib/thumb/v7-m/nofp\libc_nano.a(lib_a-isattyr.o)
                0x0000000008009970                _isatty_r
 .text._lseek_r
                0x0000000008009990       0x24 c:/st/stm32cubeide_1.11.2/stm32cubeide/plugins/com.st.stm32cube.ide.mcu.externaltools.gnu-tools-for-stm32.10.3-2021.10.win32_1.0.100.202210260954/tools/bin/../lib/gcc/arm-none-eabi/10.3.1/../../../../arm-none-eabi/lib/thumb/v7-m/nofp\libc_nano.a(lib_a-lseekr.o)
                0x0000000008009990                _lseek_r
 .text.__malloc_lock
                0x00000000080099b4        0xc c:/st/stm32cubeide_1.11.2/stm32cubeide/plugins/com.st.stm32cube.ide.mcu.externaltools.gnu-tools-for-stm32.10.3-2021.10.win32_1.0.100.202210260954/tools/bin/../lib/gcc/arm-none-eabi/10.3.1/../../../../arm-none-eabi/lib/thumb/v7-m/nofp\libc_nano.a(lib_a-mlock.o)
                0x00000000080099b4                __malloc_lock
 .text.__malloc_unlock
                0x00000000080099c0        0xc c:/st/stm32cubeide_1.11.2/stm32cubeide/plugins/com.st.stm32cube.ide.mcu.externaltools.gnu-tools-for-stm32.10.3-2021.10.win32_1.0.100.202210260954/tools/bin/../lib/gcc/arm-none-eabi/10.3.1/../../../../arm-none-eabi/lib/thumb/v7-m/nofp\libc_nano.a(lib_a-mlock.o)
                0x00000000080099c0                __malloc_unlock
 .text._malloc_usable_size_r
                0x00000000080099cc       0x10 c:/st/stm32cubeide_1.11.2/stm32cubeide/plugins/com.st.stm32cube.ide.mcu.externaltools.gnu-tools-for-stm32.10.3-2021.10.win32_1.0.100.202210260954/tools/bin/../lib/gcc/arm-none-eabi/10.3.1/../../../../arm-none-eabi/lib/thumb/v7-m/nofp\libc_nano.a(lib_a-nano-msizer.o)
                0x00000000080099cc                _malloc_usable_size_r
 .text._read_r  0x00000000080099dc       0x24 c:/st/stm32cubeide_1.11.2/stm32cubeide/plugins/com.st.stm32cube.ide.mcu.externaltools.gnu-tools-for-stm32.10.3-2021.10.win32_1.0.100.202210260954/tools/bin/../lib/gcc/arm-none-eabi/10.3.1/../../../../arm-none-eabi/lib/thumb/v7-m/nofp\libc_nano.a(lib_a-readr.o)
                0x00000000080099dc                _read_r
 *(.glue_7)
 .glue_7        0x0000000008009a00        0x0 linker stubs
 *(.glue_7t)
 .glue_7t       0x0000000008009a00        0x0 linker stubs
 *(.eh_frame)
 .eh_frame      0x0000000008009a00        0x0 c:/st/stm32cubeide_1.11.2/stm32cubeide/plugins/com.st.stm32cube.ide.mcu.externaltools.gnu-tools-for-stm32.10.3-2021.10.win32_1.0.100.202210260954/tools/bin/../lib/gcc/arm-none-eabi/10.3.1/thumb/v7-m/nofp/crtbegin.o
 *(.init)
 .init          0x0000000008009a00        0x4 c:/st/stm32cubeide_1.11.2/stm32cubeide/plugins/com.st.stm32cube.ide.mcu.externaltools.gnu-tools-for-stm32.10.3-2021.10.win32_1.0.100.202210260954/tools/bin/../lib/gcc/arm-none-eabi/10.3.1/thumb/v7-m/nofp/crti.o
                0x0000000008009a00                _init
 .init          0x0000000008009a04        0x8 c:/st/stm32cubeide_1.11.2/stm32cubeide/plugins/com.st.stm32cube.ide.mcu.externaltools.gnu-tools-for-stm32.10.3-2021.10.win32_1.0.100.202210260954/tools/bin/../lib/gcc/arm-none-eabi/10.3.1/thumb/v7-m/nofp/crtn.o
 *(.fini)
 .fini          0x0000000008009a0c        0x4 c:/st/stm32cubeide_1.11.2/stm32cubeide/plugins/com.st.stm32cube.ide.mcu.externaltools.gnu-tools-for-stm32.10.3-2021.10.win32_1.0.100.202210260954/tools/bin/../lib/gcc/arm-none-eabi/10.3.1/thumb/v7-m/nofp/crti.o
                0x0000000008009a0c                _fini
 .fini          0x0000000008009a10        0x8 c:/st/stm32cubeide_1.11.2/stm32cubeide/plugins/com.st.stm32cube.ide.mcu.externaltools.gnu-tools-for-stm32.10.3-2021.10.win32_1.0.100.202210260954/tools/bin/../lib/gcc/arm-none-eabi/10.3.1/thumb/v7-m/nofp/crtn.o
                0x0000000008009a18                . = ALIGN (0x4)
                0x0000000008009a18                _etext = .

.vfp11_veneer   0x0000000008009a18        0x0
 .vfp11_veneer  0x0000000008009a18        0x0 linker stubs

.v4_bx          0x0000000008009a18        0x0
 .v4_bx         0x0000000008009a18        0x0 linker stubs

.iplt           0x0000000008009a18        0x0
 .iplt          0x0000000008009a18        0x0 c:/st/stm32cubeide_1.11.2/stm32cubeide/plugins/com.st.stm32cube.ide.mcu.externaltools.gnu-tools-for-stm32.10.3-2021.10.win32_1.0.100.202210260954/tools/bin/../lib/gcc/arm-none-eabi/10.3.1/thumb/v7-m/nofp/crtbegin.o

.rodata         0x0000000008009a18      0x654
                0x0000000008009a18                . = ALIGN (0x4)
 *(.rodata)
 .rodata        0x0000000008009a18      0x11b ./Core/Src/bmp280.o
 *fill*         0x0000000008009b33        0x1 
 .rodata        0x0000000008009b34       0x45 ./Core/Src/ccs811.o
 *fill*         0x0000000008009b79        0x3 
 .rodata        0x0000000008009b7c       0x62 ./Core/Src/loop.o
 *fill*         0x0000000008009bde        0x2 
 .rodata        0x0000000008009be0       0x5a ./Core/Src/setup.o
 *fill*         0x0000000008009c3a        0x2 
 .rodata        0x0000000008009c3c       0xe3 ./Modules/modbus/rtu/mbrtu.o
 *(.rodata*)
 *fill*         0x0000000008009d1f        0x1 
 .rodata.AHBPrescTable
                0x0000000008009d20       0x10 ./Core/Src/system_stm32f1xx.o
                0x0000000008009d20                AHBPrescTable
 .rodata.APBPrescTable
                0x0000000008009d30        0x8 ./Core/Src/system_stm32f1xx.o
                0x0000000008009d30                APBPrescTable
 .rodata.OFFSET_TAB_CCMRx
                0x0000000008009d38        0x7 ./Core/Src/tim.o
 *fill*         0x0000000008009d3f        0x1 
 .rodata.SHIFT_TAB_OCxx
                0x0000000008009d40        0x7 ./Core/Src/tim.o
 *fill*         0x0000000008009d47        0x1 
 .rodata.aucCRCHi
                0x0000000008009d48      0x100 ./Modules/modbus/rtu/mbcrc.o
 .rodata.aucCRCLo
                0x0000000008009e48      0x100 ./Modules/modbus/rtu/mbcrc.o
 .rodata.__func__.3
                0x0000000008009f48        0xe ./Modules/modbus/rtu/mbrtu.o
 *fill*         0x0000000008009f56        0x2 
 .rodata.__func__.2
                0x0000000008009f58       0x11 ./Modules/modbus/rtu/mbrtu.o
 *fill*         0x0000000008009f69        0x3 
 .rodata.__func__.1
                0x0000000008009f6c       0x12 ./Modules/modbus/rtu/mbrtu.o
 *fill*         0x0000000008009f7e        0x2 
 .rodata.__func__.0
                0x0000000008009f80       0x16 ./Modules/modbus/rtu/mbrtu.o
 .rodata.__assert_func.str1.1
                0x0000000008009f96       0x3c c:/st/stm32cubeide_1.11.2/stm32cubeide/plugins/com.st.stm32cube.ide.mcu.externaltools.gnu-tools-for-stm32.10.3-2021.10.win32_1.0.100.202210260954/tools/bin/../lib/gcc/arm-none-eabi/10.3.1/../../../../arm-none-eabi/lib/thumb/v7-m/nofp\libc_nano.a(lib_a-assert.o)
                                         0x3d (size before relaxing)
 *fill*         0x0000000008009fd2        0x2 
 .rodata._global_impure_ptr
                0x0000000008009fd4        0x4 c:/st/stm32cubeide_1.11.2/stm32cubeide/plugins/com.st.stm32cube.ide.mcu.externaltools.gnu-tools-for-stm32.10.3-2021.10.win32_1.0.100.202210260954/tools/bin/../lib/gcc/arm-none-eabi/10.3.1/../../../../arm-none-eabi/lib/thumb/v7-m/nofp\libc_nano.a(lib_a-impure.o)
                0x0000000008009fd4                _global_impure_ptr
 .rodata._vfprintf_r.str1.1
                0x0000000008009fd8       0x11 c:/st/stm32cubeide_1.11.2/stm32cubeide/plugins/com.st.stm32cube.ide.mcu.externaltools.gnu-tools-for-stm32.10.3-2021.10.win32_1.0.100.202210260954/tools/bin/../lib/gcc/arm-none-eabi/10.3.1/../../../../arm-none-eabi/lib/thumb/v7-m/nofp\libc_nano.a(lib_a-nano-vfprintf.o)
 .rodata._printf_i.str1.1
                0x0000000008009fe9       0x22 c:/st/stm32cubeide_1.11.2/stm32cubeide/plugins/com.st.stm32cube.ide.mcu.externaltools.gnu-tools-for-stm32.10.3-2021.10.win32_1.0.100.202210260954/tools/bin/../lib/gcc/arm-none-eabi/10.3.1/../../../../arm-none-eabi/lib/thumb/v7-m/nofp\libc_nano.a(lib_a-nano-vfprintf_i.o)
 *fill*         0x000000000800a00b        0x1 
 .rodata.__sf_fake_stderr
                0x000000000800a00c       0x20 c:/st/stm32cubeide_1.11.2/stm32cubeide/plugins/com.st.stm32cube.ide.mcu.externaltools.gnu-tools-for-stm32.10.3-2021.10.win32_1.0.100.202210260954/tools/bin/../lib/gcc/arm-none-eabi/10.3.1/../../../../arm-none-eabi/lib/thumb/v7-m/nofp\libc_nano.a(lib_a-findfp.o)
                0x000000000800a00c                __sf_fake_stderr
 .rodata.__sf_fake_stdin
                0x000000000800a02c       0x20 c:/st/stm32cubeide_1.11.2/stm32cubeide/plugins/com.st.stm32cube.ide.mcu.externaltools.gnu-tools-for-stm32.10.3-2021.10.win32_1.0.100.202210260954/tools/bin/../lib/gcc/arm-none-eabi/10.3.1/../../../../arm-none-eabi/lib/thumb/v7-m/nofp\libc_nano.a(lib_a-findfp.o)
                0x000000000800a02c                __sf_fake_stdin
 .rodata.__sf_fake_stdout
                0x000000000800a04c       0x20 c:/st/stm32cubeide_1.11.2/stm32cubeide/plugins/com.st.stm32cube.ide.mcu.externaltools.gnu-tools-for-stm32.10.3-2021.10.win32_1.0.100.202210260954/tools/bin/../lib/gcc/arm-none-eabi/10.3.1/../../../../arm-none-eabi/lib/thumb/v7-m/nofp\libc_nano.a(lib_a-findfp.o)
                0x000000000800a04c                __sf_fake_stdout
 .rodata._svfprintf_r.str1.1
                0x000000000800a06c       0x11 c:/st/stm32cubeide_1.11.2/stm32cubeide/plugins/com.st.stm32cube.ide.mcu.externaltools.gnu-tools-for-stm32.10.3-2021.10.win32_1.0.100.202210260954/tools/bin/../lib/gcc/arm-none-eabi/10.3.1/../../../../arm-none-eabi/lib/thumb/v7-m/nofp\libc_nano.a(lib_a-nano-svfprintf.o)
                0x000000000800a080                . = ALIGN (0x4)

.ARM.extab      0x000000000800a06c        0x0
                0x000000000800a06c                . = ALIGN (0x4)
 *(.ARM.extab* .gnu.linkonce.armextab.*)
                0x000000000800a06c                . = ALIGN (0x4)

.ARM            0x000000000800a06c        0x8
                0x000000000800a06c                . = ALIGN (0x4)
                0x000000000800a06c                __exidx_start = .
 *(.ARM.exidx*)
 .ARM.exidx     0x000000000800a06c        0x8 c:/st/stm32cubeide_1.11.2/stm32cubeide/plugins/com.st.stm32cube.ide.mcu.externaltools.gnu-tools-for-stm32.10.3-2021.10.win32_1.0.100.202210260954/tools/bin/../lib/gcc/arm-none-eabi/10.3.1/thumb/v7-m/nofp\libgcc.a(_udivmoddi4.o)
                0x000000000800a074                __exidx_end = .
                0x000000000800a074                . = ALIGN (0x4)

.rel.dyn        0x000000000800a074        0x0