../Core/Src/bmp280.c:16:6:BMP280_WriteReg	16	static
../Core/Src/bmp280.c:21:9:BMP280_ReadReg	24	static
../Core/Src/bmp280.c:27:6:BMP280_ReadReg_U16	16	static
../Core/Src/bmp280.c:32:6:BMP280_ReadReg_S16	16	static
../Core/Src/bmp280.c:37:6:BMP280_ReadReg_BE_S16	16	static
../Core/Src/bmp280.c:43:6:BMP280_ReadReg_U24	16	static
../Core/Src/bmp280.c:49:6:BMP280_ReadReg_BE_U24	16	static
../Core/Src/bmp280.c:55:9:BMP280_ReadStatus	16	static
../Core/Src/bmp280.c:63:6:BMP280_ReadCoefficients	8	static
../Core/Src/bmp280.c:104:6:BMP280_SetStandby	24	static
../Core/Src/bmp280.c:111:8:BMP280_SetFilter	24	static
../Core/Src/bmp280.c:118:6:BMP280_SetOversamplingTemper	24	static
../Core/Src/bmp280.c:126:6:BMP280_SetOversamplingPressure	24	static
../Core/Src/bmp280.c:135:6:BMP280_SetMode	24	static
../Core/Src/bmp280.c:142:7:BMP280_ReadTemperature	24	static
../Core/Src/bmp280.c:170:7:BMP280_ReadPressure	336	static
../Core/Src/bmp280.c:198:6:BMP280_Init	16	static
