../Drivers/CMSIS/Include/core_cm3.h:1511:22:__NVIC_EnableIRQ	16	static
../Drivers/CMSIS/Include/core_cm3.h:1547:22:__NVIC_DisableIRQ	16	static,ignoring_inline_asm
../Core/Src/loop.c:109:6:Loop	8	static
../Core/Src/loop.c:130:6:Callback_Tim4	4	static
../Core/Src/loop.c:136:6:SendData	16	static
../Core/Src/loop.c:180:6:ReciveData	8	static
../Core/Src/loop.c:193:6:FilterData	8	static
../Core/Src/loop.c:207:6:Rs485Data	8	static
../Core/Src/loop.c:221:14:eMBRegInputCB	24	static
../Core/Src/loop.c:248:14:eMBRegHoldingCB	24	static
../Core/Src/loop.c:256:14:eMBRegCoilsCB	24	static
../Core/Src/loop.c:263:14:eMBRegDiscreteCB	16	static
