../Drivers/STM32F1xx_HAL_Driver/Inc/stm32f1xx_ll_tim.h:1054:22:LL_TIM_EnableCounter	16	static
../Drivers/STM32F1xx_HAL_Driver/Inc/stm32f1xx_ll_tim.h:1531:22:LL_TIM_CC_EnableChannel	16	static
../Drivers/STM32F1xx_HAL_Driver/Inc/stm32f1xx_ll_tim.h:3254:22:LL_TIM_EnableIT_UPDATE	16	static
../Drivers/STM32F1xx_HAL_Driver/Inc/stm32f1xx_ll_gpio.h:803:22:LL_GPIO_SetOutputPin	16	static
../Drivers/STM32F1xx_HAL_Driver/Inc/stm32f1xx_ll_gpio.h:832:22:LL_GPIO_ResetOutputPin	16	static
../Drivers/STM32F1xx_HAL_Driver/Inc/stm32f1xx_ll_gpio.h:861:22:LL_GPIO_TogglePin	24	static
../Core/Src/setup.c:14:6:Init	24	static
../Core/Src/setup.c:59:6:ledOn	8	static
../Core/Src/setup.c:64:6:ledOff	8	static
../Core/Src/setup.c:69:6:ledTog	8	static
../Core/Src/setup.c:75:6:rs485On	8	static
../Core/Src/setup.c:80:6:rs485Off	8	static
